transactions 3554649 laundering 2856
accounts 513292 laundering accounts 3857
shape: (1, 4)
┌──────┬──────┬───────┬────────┐
│ q0.5 ┆ q0.9 ┆ q0.99 ┆ q0.999 │
│ ---  ┆ ---  ┆ ---   ┆ ---    │
│ f64  ┆ f64  ┆ f64   ┆ f64    │
╞══════╪══════╪═══════╪════════╡
│ 5.0  ┆ 35.0 ┆ 81.0  ┆ 128.0  │
└──────┴──────┴───────┴────────┘
top 2000: min n_tx 100.0, laundering accounts 70
top 3000: min n_tx 92.0, laundering accounts 88
top 4000: min n_tx 86.0, laundering accounts 107
top 6000: min n_tx 77.0, laundering accounts 142
accounts 513292, directed edges 588616
non-backtracking spectral radius 16.71, t = 0.02992, cg info 0, residual 4.43e-08
shape: (9, 7)
┌────────────┬─────────────┬──────────────┬───────────────┬─────────────┬───────────────┬──────────┐
│ statistic  ┆ pagerank_in ┆ pagerank_out ┆ nbt_centralit ┆ reciprocity ┆ partner_degre ┆ degree   │
│ ---        ┆ ---         ┆ ---          ┆ y             ┆ ---         ┆ e             ┆ ---      │
│ str        ┆ f64         ┆ f64          ┆ ---           ┆ f64         ┆ ---           ┆ f64      │
│            ┆             ┆              ┆ f64           ┆             ┆ f64           ┆          │
╞════════════╪═════════════╪══════════════╪═══════════════╪═════════════╪═══════════════╪══════════╡
│ count      ┆ 513292.0    ┆ 513292.0     ┆ 513292.0      ┆ 513292.0    ┆ 513292.0      ┆ 513292.0 │
│ null_count ┆ 0.0         ┆ 0.0          ┆ 0.0           ┆ 0.0         ┆ 0.0           ┆ 0.0      │
│ mean       ┆ 0.000002    ┆ 0.000002     ┆ 1.811911      ┆ 0.005033    ┆ 253.893761    ┆ 2.2868   │
│ std        ┆ 0.000004    ┆ 0.000023     ┆ 3.113562      ┆ 0.067094    ┆ 1283.848627   ┆ 25.23299 │
│ min        ┆ 0.000001    ┆ 9.1174e-7    ┆ 1.0           ┆ 0.0         ┆ 0.0           ┆ 0.0      │
│ 25%        ┆ 0.000001    ┆ 9.1174e-7    ┆ 1.029921      ┆ 0.0         ┆ 1.0           ┆ 1.0      │
│ 50%        ┆ 0.000001    ┆ 0.000001     ┆ 1.063598      ┆ 0.0         ┆ 3.75          ┆ 1.0      │
│ 75%        ┆ 0.000002    ┆ 0.000002     ┆ 1.172902      ┆ 0.0         ┆ 6.333333      ┆ 3.0      │
│ max        ┆ 0.000464    ┆ 0.013898     ┆ 539.513793    ┆ 1.0         ┆ 14775.0       ┆ 14775.0  │
└────────────┴─────────────┴──────────────┴───────────────┴─────────────┴───────────────┴──────────┘
