accounts 515088, attributes 30, laundering 6357 (1.234%), task ties
attributes within 0.001 of the highest relevance: 5: ['nbt_centrality', 'n_out', 'out_partners', 'pagerank_out', 'degree']
/home/suyash/rev/.venv/lib/python3.11/site-packages/sklearn/linear_model/_glm/_newton_solver.py:597: LinAlgWarning: The inner solver of NewtonCholeskySolver stumbled upon a singular or very ill-conditioned Hessian matrix at iteration 1. It will now resort to lbfgs instead.
Further options are to use another solver or to avoid such situation in the first place. Possible remedies are removing collinear features of X or increasing the penalization strengths.
The original Linear Algebra message was:
An ill-conditioned matrix detected: slice 0 has rcond = 6.278906283796459e-08.
  warnings.warn(
/home/suyash/rev/.venv/lib/python3.11/site-packages/sklearn/linear_model/_glm/_newton_solver.py:199: ConvergenceWarning: lbfgs failed to converge after 199 iteration(s) (status=1):
STOP: TOTAL NO. OF ITERATIONS REACHED LIMIT

Increase the number of iterations to improve the convergence (max_iter=199).
You might also want to scale the data as shown in:
    https://scikit-learn.org/stable/modules/preprocessing.html
  self.iteration += _check_optimize_result("lbfgs", opt_res, max_iter=max_iter)
/home/suyash/rev/.venv/lib/python3.11/site-packages/sklearn/linear_model/_glm/_newton_solver.py:597: LinAlgWarning: The inner solver of NewtonCholeskySolver stumbled upon a singular or very ill-conditioned Hessian matrix at iteration 1. It will now resort to lbfgs instead.
Further options are to use another solver or to avoid such situation in the first place. Possible remedies are removing collinear features of X or increasing the penalization strengths.
The original Linear Algebra message was:
An ill-conditioned matrix detected: slice 0 has rcond = 6.789054651790138e-08.
  warnings.warn(
/home/suyash/rev/.venv/lib/python3.11/site-packages/sklearn/linear_model/_glm/_newton_solver.py:199: ConvergenceWarning: lbfgs failed to converge after 199 iteration(s) (status=1):
STOP: TOTAL NO. OF ITERATIONS REACHED LIMIT

Increase the number of iterations to improve the convergence (max_iter=199).
You might also want to scale the data as shown in:
    https://scikit-learn.org/stable/modules/preprocessing.html
  self.iteration += _check_optimize_result("lbfgs", opt_res, max_iter=max_iter)
/home/suyash/rev/.venv/lib/python3.11/site-packages/sklearn/linear_model/_glm/_newton_solver.py:597: LinAlgWarning: The inner solver of NewtonCholeskySolver stumbled upon a singular or very ill-conditioned Hessian matrix at iteration 1. It will now resort to lbfgs instead.
Further options are to use another solver or to avoid such situation in the first place. Possible remedies are removing collinear features of X or increasing the penalization strengths.
The original Linear Algebra message was:
An ill-conditioned matrix detected: slice 0 has rcond = 9.91467672406543e-08.
  warnings.warn(
/home/suyash/rev/.venv/lib/python3.11/site-packages/sklearn/linear_model/_glm/_newton_solver.py:199: ConvergenceWarning: lbfgs failed to converge after 199 iteration(s) (status=1):
STOP: TOTAL NO. OF ITERATIONS REACHED LIMIT

Increase the number of iterations to improve the convergence (max_iter=199).
You might also want to scale the data as shown in:
    https://scikit-learn.org/stable/modules/preprocessing.html
  self.iteration += _check_optimize_result("lbfgs", opt_res, max_iter=max_iter)
/home/suyash/rev/.venv/lib/python3.11/site-packages/sklearn/linear_model/_glm/_newton_solver.py:597: LinAlgWarning: The inner solver of NewtonCholeskySolver stumbled upon a singular or very ill-conditioned Hessian matrix at iteration 1. It will now resort to lbfgs instead.
Further options are to use another solver or to avoid such situation in the first place. Possible remedies are removing collinear features of X or increasing the penalization strengths.
The original Linear Algebra message was:
An ill-conditioned matrix detected: slice 0 has rcond = 7.193747819655982e-08.
  warnings.warn(
/home/suyash/rev/.venv/lib/python3.11/site-packages/sklearn/linear_model/_glm/_newton_solver.py:199: ConvergenceWarning: lbfgs failed to converge after 199 iteration(s) (status=1):
STOP: TOTAL NO. OF ITERATIONS REACHED LIMIT

Increase the number of iterations to improve the convergence (max_iter=199).
You might also want to scale the data as shown in:
    https://scikit-learn.org/stable/modules/preprocessing.html
  self.iteration += _check_optimize_result("lbfgs", opt_res, max_iter=max_iter)
/home/suyash/rev/.venv/lib/python3.11/site-packages/sklearn/linear_model/_glm/_newton_solver.py:597: LinAlgWarning: The inner solver of NewtonCholeskySolver stumbled upon a singular or very ill-conditioned Hessian matrix at iteration 1. It will now resort to lbfgs instead.
Further options are to use another solver or to avoid such situation in the first place. Possible remedies are removing collinear features of X or increasing the penalization strengths.
The original Linear Algebra message was:
An ill-conditioned matrix detected: slice 0 has rcond = 7.130601176186246e-08.
  warnings.warn(
/home/suyash/rev/.venv/lib/python3.11/site-packages/sklearn/linear_model/_glm/_newton_solver.py:199: ConvergenceWarning: lbfgs failed to converge after 199 iteration(s) (status=1):
STOP: TOTAL NO. OF ITERATIONS REACHED LIMIT

Increase the number of iterations to improve the convergence (max_iter=199).
You might also want to scale the data as shown in:
    https://scikit-learn.org/stable/modules/preprocessing.html
  self.iteration += _check_optimize_result("lbfgs", opt_res, max_iter=max_iter)
{'order': 'as ranked', 'first_attribute': 'nbt_centrality', 'rmse': 0.03276571298438829, 'profile_auc': 0.8679248464482179, 'profile_ap': 0.12333776167389124, 'share_top12': 0.4063237376120812, 'share_top25': 0.6501463341188125, 'share_top50': 0.9380188508714896, 'max_lift': 4.057385746868483, 'classes_zero': 16, 'classes_ge_2x': 13, 'smallest_class': 8048, 'largest_class': 8049} 202s
/home/suyash/rev/.venv/lib/python3.11/site-packages/sklearn/linear_model/_glm/_newton_solver.py:597: LinAlgWarning: The inner solver of NewtonCholeskySolver stumbled upon a singular or very ill-conditioned Hessian matrix at iteration 1. It will now resort to lbfgs instead.
Further options are to use another solver or to avoid such situation in the first place. Possible remedies are removing collinear features of X or increasing the penalization strengths.
The original Linear Algebra message was:
An ill-conditioned matrix detected: slice 0 has rcond = 5.025505700473332e-08.
  warnings.warn(
/home/suyash/rev/.venv/lib/python3.11/site-packages/sklearn/linear_model/_glm/_newton_solver.py:199: ConvergenceWarning: lbfgs failed to converge after 199 iteration(s) (status=1):
STOP: TOTAL NO. OF ITERATIONS REACHED LIMIT

Increase the number of iterations to improve the convergence (max_iter=199).
You might also want to scale the data as shown in:
    https://scikit-learn.org/stable/modules/preprocessing.html
  self.iteration += _check_optimize_result("lbfgs", opt_res, max_iter=max_iter)
/home/suyash/rev/.venv/lib/python3.11/site-packages/sklearn/linear_model/_glm/_newton_solver.py:597: LinAlgWarning: The inner solver of NewtonCholeskySolver stumbled upon a singular or very ill-conditioned Hessian matrix at iteration 1. It will now resort to lbfgs instead.
Further options are to use another solver or to avoid such situation in the first place. Possible remedies are removing collinear features of X or increasing the penalization strengths.
The original Linear Algebra message was:
An ill-conditioned matrix detected: slice 0 has rcond = 8.265484296998693e-08.
  warnings.warn(
/home/suyash/rev/.venv/lib/python3.11/site-packages/sklearn/linear_model/_glm/_newton_solver.py:199: ConvergenceWarning: lbfgs failed to converge after 199 iteration(s) (status=1):
STOP: TOTAL NO. OF ITERATIONS REACHED LIMIT

Increase the number of iterations to improve the convergence (max_iter=199).
You might also want to scale the data as shown in:
    https://scikit-learn.org/stable/modules/preprocessing.html
  self.iteration += _check_optimize_result("lbfgs", opt_res, max_iter=max_iter)
/home/suyash/rev/.venv/lib/python3.11/site-packages/sklearn/linear_model/_glm/_newton_solver.py:597: LinAlgWarning: The inner solver of NewtonCholeskySolver stumbled upon a singular or very ill-conditioned Hessian matrix at iteration 1. It will now resort to lbfgs instead.
Further options are to use another solver or to avoid such situation in the first place. Possible remedies are removing collinear features of X or increasing the penalization strengths.
The original Linear Algebra message was:
An ill-conditioned matrix detected: slice 0 has rcond = 4.675120024444368e-08.
  warnings.warn(
/home/suyash/rev/.venv/lib/python3.11/site-packages/sklearn/linear_model/_glm/_newton_solver.py:199: ConvergenceWarning: lbfgs failed to converge after 199 iteration(s) (status=1):
STOP: TOTAL NO. OF ITERATIONS REACHED LIMIT

Increase the number of iterations to improve the convergence (max_iter=199).
You might also want to scale the data as shown in:
    https://scikit-learn.org/stable/modules/preprocessing.html
  self.iteration += _check_optimize_result("lbfgs", opt_res, max_iter=max_iter)
/home/suyash/rev/.venv/lib/python3.11/site-packages/sklearn/linear_model/_glm/_newton_solver.py:597: LinAlgWarning: The inner solver of NewtonCholeskySolver stumbled upon a singular or very ill-conditioned Hessian matrix at iteration 1. It will now resort to lbfgs instead.
Further options are to use another solver or to avoid such situation in the first place. Possible remedies are removing collinear features of X or increasing the penalization strengths.
The original Linear Algebra message was:
An ill-conditioned matrix detected: slice 0 has rcond = 7.086476472295544e-08.
  warnings.warn(
/home/suyash/rev/.venv/lib/python3.11/site-packages/sklearn/linear_model/_glm/_newton_solver.py:199: ConvergenceWarning: lbfgs failed to converge after 199 iteration(s) (status=1):
STOP: TOTAL NO. OF ITERATIONS REACHED LIMIT

Increase the number of iterations to improve the convergence (max_iter=199).
You might also want to scale the data as shown in:
    https://scikit-learn.org/stable/modules/preprocessing.html
  self.iteration += _check_optimize_result("lbfgs", opt_res, max_iter=max_iter)
/home/suyash/rev/.venv/lib/python3.11/site-packages/sklearn/linear_model/_glm/_newton_solver.py:597: LinAlgWarning: The inner solver of NewtonCholeskySolver stumbled upon a singular or very ill-conditioned Hessian matrix at iteration 1. It will now resort to lbfgs instead.
Further options are to use another solver or to avoid such situation in the first place. Possible remedies are removing collinear features of X or increasing the penalization strengths.
The original Linear Algebra message was:
An ill-conditioned matrix detected: slice 0 has rcond = 7.354422848493414e-08.
  warnings.warn(
/home/suyash/rev/.venv/lib/python3.11/site-packages/sklearn/linear_model/_glm/_newton_solver.py:199: ConvergenceWarning: lbfgs failed to converge after 199 iteration(s) (status=1):
STOP: TOTAL NO. OF ITERATIONS REACHED LIMIT

Increase the number of iterations to improve the convergence (max_iter=199).
You might also want to scale the data as shown in:
    https://scikit-learn.org/stable/modules/preprocessing.html
  self.iteration += _check_optimize_result("lbfgs", opt_res, max_iter=max_iter)
{'order': 'reversed', 'first_attribute': 'degree', 'rmse': 0.02721790818562915, 'profile_auc': 0.8708119419809217, 'profile_ap': 0.12230970335467187, 'share_top12': 0.45588010340862317, 'share_top25': 0.7001788225192116, 'share_top50': 0.9446279691678464, 'max_lift': 4.77221053105623, 'classes_zero': 17, 'classes_ge_2x': 12, 'smallest_class': 8047, 'largest_class': 8050} 404s
/home/suyash/rev/.venv/lib/python3.11/site-packages/sklearn/linear_model/_glm/_newton_solver.py:597: LinAlgWarning: The inner solver of NewtonCholeskySolver stumbled upon a singular or very ill-conditioned Hessian matrix at iteration 1. It will now resort to lbfgs instead.
Further options are to use another solver or to avoid such situation in the first place. Possible remedies are removing collinear features of X or increasing the penalization strengths.
The original Linear Algebra message was:
An ill-conditioned matrix detected: slice 0 has rcond = 5.2609745893050786e-08.
  warnings.warn(
/home/suyash/rev/.venv/lib/python3.11/site-packages/sklearn/linear_model/_glm/_newton_solver.py:199: ConvergenceWarning: lbfgs failed to converge after 199 iteration(s) (status=1):
STOP: TOTAL NO. OF ITERATIONS REACHED LIMIT

Increase the number of iterations to improve the convergence (max_iter=199).
You might also want to scale the data as shown in:
    https://scikit-learn.org/stable/modules/preprocessing.html
  self.iteration += _check_optimize_result("lbfgs", opt_res, max_iter=max_iter)
/home/suyash/rev/.venv/lib/python3.11/site-packages/sklearn/linear_model/_glm/_newton_solver.py:597: LinAlgWarning: The inner solver of NewtonCholeskySolver stumbled upon a singular or very ill-conditioned Hessian matrix at iteration 1. It will now resort to lbfgs instead.
Further options are to use another solver or to avoid such situation in the first place. Possible remedies are removing collinear features of X or increasing the penalization strengths.
The original Linear Algebra message was:
An ill-conditioned matrix detected: slice 0 has rcond = 5.953789639079332e-08.
  warnings.warn(
/home/suyash/rev/.venv/lib/python3.11/site-packages/sklearn/linear_model/_glm/_newton_solver.py:199: ConvergenceWarning: lbfgs failed to converge after 199 iteration(s) (status=1):
STOP: TOTAL NO. OF ITERATIONS REACHED LIMIT

Increase the number of iterations to improve the convergence (max_iter=199).
You might also want to scale the data as shown in:
    https://scikit-learn.org/stable/modules/preprocessing.html
  self.iteration += _check_optimize_result("lbfgs", opt_res, max_iter=max_iter)
/home/suyash/rev/.venv/lib/python3.11/site-packages/sklearn/linear_model/_glm/_newton_solver.py:597: LinAlgWarning: The inner solver of NewtonCholeskySolver stumbled upon a singular or very ill-conditioned Hessian matrix at iteration 1. It will now resort to lbfgs instead.
Further options are to use another solver or to avoid such situation in the first place. Possible remedies are removing collinear features of X or increasing the penalization strengths.
The original Linear Algebra message was:
An ill-conditioned matrix detected: slice 0 has rcond = 6.664114238219554e-08.
  warnings.warn(
/home/suyash/rev/.venv/lib/python3.11/site-packages/sklearn/linear_model/_glm/_newton_solver.py:199: ConvergenceWarning: lbfgs failed to converge after 199 iteration(s) (status=1):
STOP: TOTAL NO. OF ITERATIONS REACHED LIMIT

Increase the number of iterations to improve the convergence (max_iter=199).
You might also want to scale the data as shown in:
    https://scikit-learn.org/stable/modules/preprocessing.html
  self.iteration += _check_optimize_result("lbfgs", opt_res, max_iter=max_iter)
/home/suyash/rev/.venv/lib/python3.11/site-packages/sklearn/linear_model/_glm/_newton_solver.py:597: LinAlgWarning: The inner solver of NewtonCholeskySolver stumbled upon a singular or very ill-conditioned Hessian matrix at iteration 1. It will now resort to lbfgs instead.
Further options are to use another solver or to avoid such situation in the first place. Possible remedies are removing collinear features of X or increasing the penalization strengths.
The original Linear Algebra message was:
An ill-conditioned matrix detected: slice 0 has rcond = 6.700023646999398e-08.
  warnings.warn(
/home/suyash/rev/.venv/lib/python3.11/site-packages/sklearn/linear_model/_glm/_newton_solver.py:199: ConvergenceWarning: lbfgs failed to converge after 199 iteration(s) (status=1):
STOP: TOTAL NO. OF ITERATIONS REACHED LIMIT

Increase the number of iterations to improve the convergence (max_iter=199).
You might also want to scale the data as shown in:
    https://scikit-learn.org/stable/modules/preprocessing.html
  self.iteration += _check_optimize_result("lbfgs", opt_res, max_iter=max_iter)
/home/suyash/rev/.venv/lib/python3.11/site-packages/sklearn/linear_model/_glm/_newton_solver.py:597: LinAlgWarning: The inner solver of NewtonCholeskySolver stumbled upon a singular or very ill-conditioned Hessian matrix at iteration 1. It will now resort to lbfgs instead.
Further options are to use another solver or to avoid such situation in the first place. Possible remedies are removing collinear features of X or increasing the penalization strengths.
The original Linear Algebra message was:
An ill-conditioned matrix detected: slice 0 has rcond = 6.006600727914702e-08.
  warnings.warn(
/home/suyash/rev/.venv/lib/python3.11/site-packages/sklearn/linear_model/_glm/_newton_solver.py:199: ConvergenceWarning: lbfgs failed to converge after 199 iteration(s) (status=1):
STOP: TOTAL NO. OF ITERATIONS REACHED LIMIT

Increase the number of iterations to improve the convergence (max_iter=199).
You might also want to scale the data as shown in:
    https://scikit-learn.org/stable/modules/preprocessing.html
  self.iteration += _check_optimize_result("lbfgs", opt_res, max_iter=max_iter)
{'order': 'shuffled 1', 'first_attribute': 'out_partners', 'rmse': 0.027177066982068645, 'profile_auc': 0.8670342137654196, 'profile_ap': 0.12691826136036616, 'share_top12': 0.3849249561630858, 'share_top25': 0.6443290860468774, 'share_top50': 0.934560327198364, 'max_lift': 4.1983371127646585, 'classes_zero': 17, 'classes_ge_2x': 12, 'smallest_class': 8031, 'largest_class': 8065} 613s
/home/suyash/rev/.venv/lib/python3.11/site-packages/sklearn/linear_model/_glm/_newton_solver.py:597: LinAlgWarning: The inner solver of NewtonCholeskySolver stumbled upon a singular or very ill-conditioned Hessian matrix at iteration 1. It will now resort to lbfgs instead.
Further options are to use another solver or to avoid such situation in the first place. Possible remedies are removing collinear features of X or increasing the penalization strengths.
The original Linear Algebra message was:
An ill-conditioned matrix detected: slice 0 has rcond = 5.2208982026513695e-08.
  warnings.warn(
/home/suyash/rev/.venv/lib/python3.11/site-packages/sklearn/linear_model/_glm/_newton_solver.py:199: ConvergenceWarning: lbfgs failed to converge after 199 iteration(s) (status=1):
STOP: TOTAL NO. OF ITERATIONS REACHED LIMIT

Increase the number of iterations to improve the convergence (max_iter=199).
You might also want to scale the data as shown in:
    https://scikit-learn.org/stable/modules/preprocessing.html
  self.iteration += _check_optimize_result("lbfgs", opt_res, max_iter=max_iter)
/home/suyash/rev/.venv/lib/python3.11/site-packages/sklearn/linear_model/_glm/_newton_solver.py:597: LinAlgWarning: The inner solver of NewtonCholeskySolver stumbled upon a singular or very ill-conditioned Hessian matrix at iteration 1. It will now resort to lbfgs instead.
Further options are to use another solver or to avoid such situation in the first place. Possible remedies are removing collinear features of X or increasing the penalization strengths.
The original Linear Algebra message was:
An ill-conditioned matrix detected: slice 0 has rcond = 6.005576835832471e-08.
  warnings.warn(
/home/suyash/rev/.venv/lib/python3.11/site-packages/sklearn/linear_model/_glm/_newton_solver.py:199: ConvergenceWarning: lbfgs failed to converge after 199 iteration(s) (status=1):
STOP: TOTAL NO. OF ITERATIONS REACHED LIMIT

Increase the number of iterations to improve the convergence (max_iter=199).
You might also want to scale the data as shown in:
    https://scikit-learn.org/stable/modules/preprocessing.html
  self.iteration += _check_optimize_result("lbfgs", opt_res, max_iter=max_iter)
/home/suyash/rev/.venv/lib/python3.11/site-packages/sklearn/linear_model/_glm/_newton_solver.py:597: LinAlgWarning: The inner solver of NewtonCholeskySolver stumbled upon a singular or very ill-conditioned Hessian matrix at iteration 1. It will now resort to lbfgs instead.
Further options are to use another solver or to avoid such situation in the first place. Possible remedies are removing collinear features of X or increasing the penalization strengths.
The original Linear Algebra message was:
An ill-conditioned matrix detected: slice 0 has rcond = 6.199142177365502e-08.
  warnings.warn(
/home/suyash/rev/.venv/lib/python3.11/site-packages/sklearn/linear_model/_glm/_newton_solver.py:199: ConvergenceWarning: lbfgs failed to converge after 199 iteration(s) (status=1):
STOP: TOTAL NO. OF ITERATIONS REACHED LIMIT

Increase the number of iterations to improve the convergence (max_iter=199).
You might also want to scale the data as shown in:
    https://scikit-learn.org/stable/modules/preprocessing.html
  self.iteration += _check_optimize_result("lbfgs", opt_res, max_iter=max_iter)
/home/suyash/rev/.venv/lib/python3.11/site-packages/sklearn/linear_model/_glm/_newton_solver.py:597: LinAlgWarning: The inner solver of NewtonCholeskySolver stumbled upon a singular or very ill-conditioned Hessian matrix at iteration 1. It will now resort to lbfgs instead.
Further options are to use another solver or to avoid such situation in the first place. Possible remedies are removing collinear features of X or increasing the penalization strengths.
The original Linear Algebra message was:
An ill-conditioned matrix detected: slice 0 has rcond = 5.6400740078288436e-08.
  warnings.warn(
/home/suyash/rev/.venv/lib/python3.11/site-packages/sklearn/linear_model/_glm/_newton_solver.py:199: ConvergenceWarning: lbfgs failed to converge after 199 iteration(s) (status=1):
STOP: TOTAL NO. OF ITERATIONS REACHED LIMIT

Increase the number of iterations to improve the convergence (max_iter=199).
You might also want to scale the data as shown in:
    https://scikit-learn.org/stable/modules/preprocessing.html
  self.iteration += _check_optimize_result("lbfgs", opt_res, max_iter=max_iter)
/home/suyash/rev/.venv/lib/python3.11/site-packages/sklearn/linear_model/_glm/_newton_solver.py:597: LinAlgWarning: The inner solver of NewtonCholeskySolver stumbled upon a singular or very ill-conditioned Hessian matrix at iteration 1. It will now resort to lbfgs instead.
Further options are to use another solver or to avoid such situation in the first place. Possible remedies are removing collinear features of X or increasing the penalization strengths.
The original Linear Algebra message was:
An ill-conditioned matrix detected: slice 0 has rcond = 6.59987620110769e-08.
  warnings.warn(
/home/suyash/rev/.venv/lib/python3.11/site-packages/sklearn/linear_model/_glm/_newton_solver.py:199: ConvergenceWarning: lbfgs failed to converge after 199 iteration(s) (status=1):
STOP: TOTAL NO. OF ITERATIONS REACHED LIMIT

Increase the number of iterations to improve the convergence (max_iter=199).
You might also want to scale the data as shown in:
    https://scikit-learn.org/stable/modules/preprocessing.html
  self.iteration += _check_optimize_result("lbfgs", opt_res, max_iter=max_iter)
{'order': 'shuffled 2', 'first_attribute': 'degree', 'rmse': 0.02947637612586796, 'profile_auc': 0.8662962073810272, 'profile_ap': 0.12556589852114577, 'share_top12': 0.36715431807456345, 'share_top25': 0.6402462994566813, 'share_top50': 0.9331456985785878, 'max_lift': 3.8560266527310887, 'classes_zero': 17, 'classes_ge_2x': 15, 'smallest_class': 8048, 'largest_class': 8049} 877s
/home/suyash/rev/.venv/lib/python3.11/site-packages/sklearn/linear_model/_glm/_newton_solver.py:597: LinAlgWarning: The inner solver of NewtonCholeskySolver stumbled upon a singular or very ill-conditioned Hessian matrix at iteration 1. It will now resort to lbfgs instead.
Further options are to use another solver or to avoid such situation in the first place. Possible remedies are removing collinear features of X or increasing the penalization strengths.
The original Linear Algebra message was:
An ill-conditioned matrix detected: slice 0 has rcond = 7.625990861015453e-08.
  warnings.warn(
/home/suyash/rev/.venv/lib/python3.11/site-packages/sklearn/linear_model/_glm/_newton_solver.py:199: ConvergenceWarning: lbfgs failed to converge after 199 iteration(s) (status=1):
STOP: TOTAL NO. OF ITERATIONS REACHED LIMIT

Increase the number of iterations to improve the convergence (max_iter=199).
You might also want to scale the data as shown in:
    https://scikit-learn.org/stable/modules/preprocessing.html
  self.iteration += _check_optimize_result("lbfgs", opt_res, max_iter=max_iter)
/home/suyash/rev/.venv/lib/python3.11/site-packages/sklearn/linear_model/_glm/_newton_solver.py:597: LinAlgWarning: The inner solver of NewtonCholeskySolver stumbled upon a singular or very ill-conditioned Hessian matrix at iteration 1. It will now resort to lbfgs instead.
Further options are to use another solver or to avoid such situation in the first place. Possible remedies are removing collinear features of X or increasing the penalization strengths.
The original Linear Algebra message was:
An ill-conditioned matrix detected: slice 0 has rcond = 7.31991605107396e-08.
  warnings.warn(
/home/suyash/rev/.venv/lib/python3.11/site-packages/sklearn/linear_model/_glm/_newton_solver.py:199: ConvergenceWarning: lbfgs failed to converge after 199 iteration(s) (status=1):
STOP: TOTAL NO. OF ITERATIONS REACHED LIMIT

Increase the number of iterations to improve the convergence (max_iter=199).
You might also want to scale the data as shown in:
    https://scikit-learn.org/stable/modules/preprocessing.html
  self.iteration += _check_optimize_result("lbfgs", opt_res, max_iter=max_iter)
/home/suyash/rev/.venv/lib/python3.11/site-packages/sklearn/linear_model/_glm/_newton_solver.py:597: LinAlgWarning: The inner solver of NewtonCholeskySolver stumbled upon a singular or very ill-conditioned Hessian matrix at iteration 1. It will now resort to lbfgs instead.
Further options are to use another solver or to avoid such situation in the first place. Possible remedies are removing collinear features of X or increasing the penalization strengths.
The original Linear Algebra message was:
An ill-conditioned matrix detected: slice 0 has rcond = 7.207114549601101e-08.
  warnings.warn(
/home/suyash/rev/.venv/lib/python3.11/site-packages/sklearn/linear_model/_glm/_newton_solver.py:199: ConvergenceWarning: lbfgs failed to converge after 199 iteration(s) (status=1):
STOP: TOTAL NO. OF ITERATIONS REACHED LIMIT

Increase the number of iterations to improve the convergence (max_iter=199).
You might also want to scale the data as shown in:
    https://scikit-learn.org/stable/modules/preprocessing.html
  self.iteration += _check_optimize_result("lbfgs", opt_res, max_iter=max_iter)
/home/suyash/rev/.venv/lib/python3.11/site-packages/sklearn/linear_model/_glm/_newton_solver.py:597: LinAlgWarning: The inner solver of NewtonCholeskySolver stumbled upon a singular or very ill-conditioned Hessian matrix at iteration 1. It will now resort to lbfgs instead.
Further options are to use another solver or to avoid such situation in the first place. Possible remedies are removing collinear features of X or increasing the penalization strengths.
The original Linear Algebra message was:
An ill-conditioned matrix detected: slice 0 has rcond = 7.573103744107357e-08.
  warnings.warn(
/home/suyash/rev/.venv/lib/python3.11/site-packages/sklearn/linear_model/_glm/_newton_solver.py:199: ConvergenceWarning: lbfgs failed to converge after 199 iteration(s) (status=1):
STOP: TOTAL NO. OF ITERATIONS REACHED LIMIT

Increase the number of iterations to improve the convergence (max_iter=199).
You might also want to scale the data as shown in:
    https://scikit-learn.org/stable/modules/preprocessing.html
  self.iteration += _check_optimize_result("lbfgs", opt_res, max_iter=max_iter)
/home/suyash/rev/.venv/lib/python3.11/site-packages/sklearn/linear_model/_glm/_newton_solver.py:597: LinAlgWarning: The inner solver of NewtonCholeskySolver stumbled upon a singular or very ill-conditioned Hessian matrix at iteration 1. It will now resort to lbfgs instead.
Further options are to use another solver or to avoid such situation in the first place. Possible remedies are removing collinear features of X or increasing the penalization strengths.
The original Linear Algebra message was:
An ill-conditioned matrix detected: slice 0 has rcond = 6.408684072312099e-08.
  warnings.warn(
/home/suyash/rev/.venv/lib/python3.11/site-packages/sklearn/linear_model/_glm/_newton_solver.py:199: ConvergenceWarning: lbfgs failed to converge after 199 iteration(s) (status=1):
STOP: TOTAL NO. OF ITERATIONS REACHED LIMIT

Increase the number of iterations to improve the convergence (max_iter=199).
You might also want to scale the data as shown in:
    https://scikit-learn.org/stable/modules/preprocessing.html
  self.iteration += _check_optimize_result("lbfgs", opt_res, max_iter=max_iter)
{'order': 'shuffled 3', 'first_attribute': 'nbt_centrality', 'rmse': 0.03094259624279017, 'profile_auc': 0.8648621718090073, 'profile_ap': 0.11967467443537472, 'share_top12': 0.41042286473075973, 'share_top25': 0.6644699203848037, 'share_top50': 0.9372345445965078, 'max_lift': 4.560783482211966, 'classes_zero': 17, 'classes_ge_2x': 13, 'smallest_class': 8047, 'largest_class': 8050} 1093s
/home/suyash/rev/.venv/lib/python3.11/site-packages/sklearn/linear_model/_glm/_newton_solver.py:597: LinAlgWarning: The inner solver of NewtonCholeskySolver stumbled upon a singular or very ill-conditioned Hessian matrix at iteration 1. It will now resort to lbfgs instead.
Further options are to use another solver or to avoid such situation in the first place. Possible remedies are removing collinear features of X or increasing the penalization strengths.
The original Linear Algebra message was:
An ill-conditioned matrix detected: slice 0 has rcond = 5.800371027930851e-08.
  warnings.warn(
/home/suyash/rev/.venv/lib/python3.11/site-packages/sklearn/linear_model/_glm/_newton_solver.py:199: ConvergenceWarning: lbfgs failed to converge after 199 iteration(s) (status=1):
STOP: TOTAL NO. OF ITERATIONS REACHED LIMIT

Increase the number of iterations to improve the convergence (max_iter=199).
You might also want to scale the data as shown in:
    https://scikit-learn.org/stable/modules/preprocessing.html
  self.iteration += _check_optimize_result("lbfgs", opt_res, max_iter=max_iter)
/home/suyash/rev/.venv/lib/python3.11/site-packages/sklearn/linear_model/_glm/_newton_solver.py:597: LinAlgWarning: The inner solver of NewtonCholeskySolver stumbled upon a singular or very ill-conditioned Hessian matrix at iteration 1. It will now resort to lbfgs instead.
Further options are to use another solver or to avoid such situation in the first place. Possible remedies are removing collinear features of X or increasing the penalization strengths.
The original Linear Algebra message was:
An ill-conditioned matrix detected: slice 0 has rcond = 7.914675137499216e-08.
  warnings.warn(
/home/suyash/rev/.venv/lib/python3.11/site-packages/sklearn/linear_model/_glm/_newton_solver.py:199: ConvergenceWarning: lbfgs failed to converge after 199 iteration(s) (status=1):
STOP: TOTAL NO. OF ITERATIONS REACHED LIMIT

Increase the number of iterations to improve the convergence (max_iter=199).
You might also want to scale the data as shown in:
    https://scikit-learn.org/stable/modules/preprocessing.html
  self.iteration += _check_optimize_result("lbfgs", opt_res, max_iter=max_iter)
/home/suyash/rev/.venv/lib/python3.11/site-packages/sklearn/linear_model/_glm/_newton_solver.py:597: LinAlgWarning: The inner solver of NewtonCholeskySolver stumbled upon a singular or very ill-conditioned Hessian matrix at iteration 1. It will now resort to lbfgs instead.
Further options are to use another solver or to avoid such situation in the first place. Possible remedies are removing collinear features of X or increasing the penalization strengths.
The original Linear Algebra message was:
An ill-conditioned matrix detected: slice 0 has rcond = 6.034285604528122e-08.
  warnings.warn(
/home/suyash/rev/.venv/lib/python3.11/site-packages/sklearn/linear_model/_glm/_newton_solver.py:199: ConvergenceWarning: lbfgs failed to converge after 199 iteration(s) (status=1):
STOP: TOTAL NO. OF ITERATIONS REACHED LIMIT

Increase the number of iterations to improve the convergence (max_iter=199).
You might also want to scale the data as shown in:
    https://scikit-learn.org/stable/modules/preprocessing.html
  self.iteration += _check_optimize_result("lbfgs", opt_res, max_iter=max_iter)
/home/suyash/rev/.venv/lib/python3.11/site-packages/sklearn/linear_model/_glm/_newton_solver.py:597: LinAlgWarning: The inner solver of NewtonCholeskySolver stumbled upon a singular or very ill-conditioned Hessian matrix at iteration 1. It will now resort to lbfgs instead.
Further options are to use another solver or to avoid such situation in the first place. Possible remedies are removing collinear features of X or increasing the penalization strengths.
The original Linear Algebra message was:
An ill-conditioned matrix detected: slice 0 has rcond = 6.146849784727237e-08.
  warnings.warn(
/home/suyash/rev/.venv/lib/python3.11/site-packages/sklearn/linear_model/_glm/_newton_solver.py:199: ConvergenceWarning: lbfgs failed to converge after 199 iteration(s) (status=1):
STOP: TOTAL NO. OF ITERATIONS REACHED LIMIT

Increase the number of iterations to improve the convergence (max_iter=199).
You might also want to scale the data as shown in:
    https://scikit-learn.org/stable/modules/preprocessing.html
  self.iteration += _check_optimize_result("lbfgs", opt_res, max_iter=max_iter)
/home/suyash/rev/.venv/lib/python3.11/site-packages/sklearn/linear_model/_glm/_newton_solver.py:597: LinAlgWarning: The inner solver of NewtonCholeskySolver stumbled upon a singular or very ill-conditioned Hessian matrix at iteration 1. It will now resort to lbfgs instead.
Further options are to use another solver or to avoid such situation in the first place. Possible remedies are removing collinear features of X or increasing the penalization strengths.
The original Linear Algebra message was:
An ill-conditioned matrix detected: slice 0 has rcond = 7.670272594850758e-08.
  warnings.warn(
/home/suyash/rev/.venv/lib/python3.11/site-packages/sklearn/linear_model/_glm/_newton_solver.py:199: ConvergenceWarning: lbfgs failed to converge after 199 iteration(s) (status=1):
STOP: TOTAL NO. OF ITERATIONS REACHED LIMIT

Increase the number of iterations to improve the convergence (max_iter=199).
You might also want to scale the data as shown in:
    https://scikit-learn.org/stable/modules/preprocessing.html
  self.iteration += _check_optimize_result("lbfgs", opt_res, max_iter=max_iter)
{'order': 'shared weight', 'first_attribute': 'n_out', 'rmse': 0.03055065469673747, 'profile_auc': 0.867066168761337, 'profile_ap': 0.12304246671914605, 'share_top12': 0.4121440931256882, 'share_top25': 0.6484221734247653, 'share_top50': 0.9355027810332627, 'max_lift': 4.409764161608922, 'classes_zero': 17, 'classes_ge_2x': 10, 'smallest_class': 8047, 'largest_class': 8050} 1301s
done 1301s
exit 0
