accounts 515088, attributes 30, laundering 6357 (1.234%), task strict
strict label: 1226 accounts (0.238%)
/home/suyash/rev/.venv/lib/python3.11/site-packages/sklearn/linear_model/_glm/_newton_solver.py:597: LinAlgWarning: The inner solver of NewtonCholeskySolver stumbled upon a singular or very ill-conditioned Hessian matrix at iteration 1. It will now resort to lbfgs instead.
Further options are to use another solver or to avoid such situation in the first place. Possible remedies are removing collinear features of X or increasing the penalization strengths.
The original Linear Algebra message was:
An ill-conditioned matrix detected: slice 0 has rcond = 4.51633646036953e-08.
  warnings.warn(
/home/suyash/rev/.venv/lib/python3.11/site-packages/sklearn/linear_model/_glm/_newton_solver.py:199: ConvergenceWarning: lbfgs failed to converge after 199 iteration(s) (status=1):
STOP: TOTAL NO. OF ITERATIONS REACHED LIMIT

Increase the number of iterations to improve the convergence (max_iter=199).
You might also want to scale the data as shown in:
    https://scikit-learn.org/stable/modules/preprocessing.html
  self.iteration += _check_optimize_result("lbfgs", opt_res, max_iter=max_iter)
/home/suyash/rev/.venv/lib/python3.11/site-packages/sklearn/linear_model/_glm/_newton_solver.py:597: LinAlgWarning: The inner solver of NewtonCholeskySolver stumbled upon a singular or very ill-conditioned Hessian matrix at iteration 1. It will now resort to lbfgs instead.
Further options are to use another solver or to avoid such situation in the first place. Possible remedies are removing collinear features of X or increasing the penalization strengths.
The original Linear Algebra message was:
An ill-conditioned matrix detected: slice 0 has rcond = 3.8550677317061854e-08.
  warnings.warn(
/home/suyash/rev/.venv/lib/python3.11/site-packages/sklearn/linear_model/_glm/_newton_solver.py:199: ConvergenceWarning: lbfgs failed to converge after 199 iteration(s) (status=1):
STOP: TOTAL NO. OF ITERATIONS REACHED LIMIT

Increase the number of iterations to improve the convergence (max_iter=199).
You might also want to scale the data as shown in:
    https://scikit-learn.org/stable/modules/preprocessing.html
  self.iteration += _check_optimize_result("lbfgs", opt_res, max_iter=max_iter)
/home/suyash/rev/.venv/lib/python3.11/site-packages/sklearn/linear_model/_glm/_newton_solver.py:597: LinAlgWarning: The inner solver of NewtonCholeskySolver stumbled upon a singular or very ill-conditioned Hessian matrix at iteration 1. It will now resort to lbfgs instead.
Further options are to use another solver or to avoid such situation in the first place. Possible remedies are removing collinear features of X or increasing the penalization strengths.
The original Linear Algebra message was:
An ill-conditioned matrix detected: slice 0 has rcond = 4.2752805740065014e-08.
  warnings.warn(
/home/suyash/rev/.venv/lib/python3.11/site-packages/sklearn/linear_model/_glm/_newton_solver.py:199: ConvergenceWarning: lbfgs failed to converge after 199 iteration(s) (status=1):
STOP: TOTAL NO. OF ITERATIONS REACHED LIMIT

Increase the number of iterations to improve the convergence (max_iter=199).
You might also want to scale the data as shown in:
    https://scikit-learn.org/stable/modules/preprocessing.html
  self.iteration += _check_optimize_result("lbfgs", opt_res, max_iter=max_iter)
/home/suyash/rev/.venv/lib/python3.11/site-packages/sklearn/linear_model/_glm/_newton_solver.py:597: LinAlgWarning: The inner solver of NewtonCholeskySolver stumbled upon a singular or very ill-conditioned Hessian matrix at iteration 1. It will now resort to lbfgs instead.
Further options are to use another solver or to avoid such situation in the first place. Possible remedies are removing collinear features of X or increasing the penalization strengths.
The original Linear Algebra message was:
An ill-conditioned matrix detected: slice 0 has rcond = 6.143206832120995e-08.
  warnings.warn(
/home/suyash/rev/.venv/lib/python3.11/site-packages/sklearn/linear_model/_glm/_newton_solver.py:199: ConvergenceWarning: lbfgs failed to converge after 199 iteration(s) (status=1):
STOP: TOTAL NO. OF ITERATIONS REACHED LIMIT

Increase the number of iterations to improve the convergence (max_iter=199).
You might also want to scale the data as shown in:
    https://scikit-learn.org/stable/modules/preprocessing.html
  self.iteration += _check_optimize_result("lbfgs", opt_res, max_iter=max_iter)
/home/suyash/rev/.venv/lib/python3.11/site-packages/sklearn/linear_model/_glm/_newton_solver.py:597: LinAlgWarning: The inner solver of NewtonCholeskySolver stumbled upon a singular or very ill-conditioned Hessian matrix at iteration 1. It will now resort to lbfgs instead.
Further options are to use another solver or to avoid such situation in the first place. Possible remedies are removing collinear features of X or increasing the penalization strengths.
The original Linear Algebra message was:
An ill-conditioned matrix detected: slice 0 has rcond = 4.91193716811722e-08.
  warnings.warn(
/home/suyash/rev/.venv/lib/python3.11/site-packages/sklearn/linear_model/_glm/_newton_solver.py:199: ConvergenceWarning: lbfgs failed to converge after 199 iteration(s) (status=1):
STOP: TOTAL NO. OF ITERATIONS REACHED LIMIT

Increase the number of iterations to improve the convergence (max_iter=199).
You might also want to scale the data as shown in:
    https://scikit-learn.org/stable/modules/preprocessing.html
  self.iteration += _check_optimize_result("lbfgs", opt_res, max_iter=max_iter)
done 247s
