accounts 705907, attributes 30, laundering 5304 (0.751%), task unsup
/home/suyash/rev/.venv/lib/python3.11/site-packages/sklearn/linear_model/_glm/_newton_solver.py:597: LinAlgWarning: The inner solver of NewtonCholeskySolver stumbled upon a singular or very ill-conditioned Hessian matrix at iteration 1. It will now resort to lbfgs instead.
Further options are to use another solver or to avoid such situation in the first place. Possible remedies are removing collinear features of X or increasing the penalization strengths.
The original Linear Algebra message was:
An ill-conditioned matrix detected: slice 0 has rcond = 3.089651556820172e-08.
  warnings.warn(
/home/suyash/rev/.venv/lib/python3.11/site-packages/sklearn/linear_model/_glm/_newton_solver.py:199: ConvergenceWarning: lbfgs failed to converge after 199 iteration(s) (status=1):
STOP: TOTAL NO. OF ITERATIONS REACHED LIMIT

Increase the number of iterations to improve the convergence (max_iter=199).
You might also want to scale the data as shown in:
    https://scikit-learn.org/stable/modules/preprocessing.html
  self.iteration += _check_optimize_result("lbfgs", opt_res, max_iter=max_iter)
/home/suyash/rev/.venv/lib/python3.11/site-packages/sklearn/linear_model/_glm/_newton_solver.py:597: LinAlgWarning: The inner solver of NewtonCholeskySolver stumbled upon a singular or very ill-conditioned Hessian matrix at iteration 1. It will now resort to lbfgs instead.
Further options are to use another solver or to avoid such situation in the first place. Possible remedies are removing collinear features of X or increasing the penalization strengths.
The original Linear Algebra message was:
An ill-conditioned matrix detected: slice 0 has rcond = 4.311830892334001e-08.
  warnings.warn(
/home/suyash/rev/.venv/lib/python3.11/site-packages/sklearn/linear_model/_glm/_newton_solver.py:199: ConvergenceWarning: lbfgs failed to converge after 199 iteration(s) (status=1):
STOP: TOTAL NO. OF ITERATIONS REACHED LIMIT

Increase the number of iterations to improve the convergence (max_iter=199).
You might also want to scale the data as shown in:
    https://scikit-learn.org/stable/modules/preprocessing.html
  self.iteration += _check_optimize_result("lbfgs", opt_res, max_iter=max_iter)
/home/suyash/rev/.venv/lib/python3.11/site-packages/sklearn/linear_model/_glm/_newton_solver.py:597: LinAlgWarning: The inner solver of NewtonCholeskySolver stumbled upon a singular or very ill-conditioned Hessian matrix at iteration 1. It will now resort to lbfgs instead.
Further options are to use another solver or to avoid such situation in the first place. Possible remedies are removing collinear features of X or increasing the penalization strengths.
The original Linear Algebra message was:
An ill-conditioned matrix detected: slice 0 has rcond = 4.2716436610135133e-08.
  warnings.warn(
/home/suyash/rev/.venv/lib/python3.11/site-packages/sklearn/linear_model/_glm/_newton_solver.py:199: ConvergenceWarning: lbfgs failed to converge after 199 iteration(s) (status=1):
STOP: TOTAL NO. OF ITERATIONS REACHED LIMIT

Increase the number of iterations to improve the convergence (max_iter=199).
You might also want to scale the data as shown in:
    https://scikit-learn.org/stable/modules/preprocessing.html
  self.iteration += _check_optimize_result("lbfgs", opt_res, max_iter=max_iter)
/home/suyash/rev/.venv/lib/python3.11/site-packages/sklearn/linear_model/_glm/_newton_solver.py:597: LinAlgWarning: The inner solver of NewtonCholeskySolver stumbled upon a singular or very ill-conditioned Hessian matrix at iteration 1. It will now resort to lbfgs instead.
Further options are to use another solver or to avoid such situation in the first place. Possible remedies are removing collinear features of X or increasing the penalization strengths.
The original Linear Algebra message was:
An ill-conditioned matrix detected: slice 0 has rcond = 3.237059331695491e-08.
  warnings.warn(
/home/suyash/rev/.venv/lib/python3.11/site-packages/sklearn/linear_model/_glm/_newton_solver.py:199: ConvergenceWarning: lbfgs failed to converge after 199 iteration(s) (status=1):
STOP: TOTAL NO. OF ITERATIONS REACHED LIMIT

Increase the number of iterations to improve the convergence (max_iter=199).
You might also want to scale the data as shown in:
    https://scikit-learn.org/stable/modules/preprocessing.html
  self.iteration += _check_optimize_result("lbfgs", opt_res, max_iter=max_iter)
/home/suyash/rev/.venv/lib/python3.11/site-packages/sklearn/linear_model/_glm/_newton_solver.py:597: LinAlgWarning: The inner solver of NewtonCholeskySolver stumbled upon a singular or very ill-conditioned Hessian matrix at iteration 1. It will now resort to lbfgs instead.
Further options are to use another solver or to avoid such situation in the first place. Possible remedies are removing collinear features of X or increasing the penalization strengths.
The original Linear Algebra message was:
An ill-conditioned matrix detected: slice 0 has rcond = 4.955445120913282e-08.
  warnings.warn(
/home/suyash/rev/.venv/lib/python3.11/site-packages/sklearn/linear_model/_glm/_newton_solver.py:199: ConvergenceWarning: lbfgs failed to converge after 199 iteration(s) (status=1):
STOP: TOTAL NO. OF ITERATIONS REACHED LIMIT

Increase the number of iterations to improve the convergence (max_iter=199).
You might also want to scale the data as shown in:
    https://scikit-learn.org/stable/modules/preprocessing.html
  self.iteration += _check_optimize_result("lbfgs", opt_res, max_iter=max_iter)
/home/suyash/rev/.venv/lib/python3.11/site-packages/sklearn/linear_model/_glm/_newton_solver.py:597: LinAlgWarning: The inner solver of NewtonCholeskySolver stumbled upon a singular or very ill-conditioned Hessian matrix at iteration 1. It will now resort to lbfgs instead.
Further options are to use another solver or to avoid such situation in the first place. Possible remedies are removing collinear features of X or increasing the penalization strengths.
The original Linear Algebra message was:
An ill-conditioned matrix detected: slice 0 has rcond = 4.332217429237062e-08.
  warnings.warn(
/home/suyash/rev/.venv/lib/python3.11/site-packages/sklearn/linear_model/_glm/_newton_solver.py:199: ConvergenceWarning: lbfgs failed to converge after 199 iteration(s) (status=1):
STOP: TOTAL NO. OF ITERATIONS REACHED LIMIT

Increase the number of iterations to improve the convergence (max_iter=199).
You might also want to scale the data as shown in:
    https://scikit-learn.org/stable/modules/preprocessing.html
  self.iteration += _check_optimize_result("lbfgs", opt_res, max_iter=max_iter)
/home/suyash/rev/.venv/lib/python3.11/site-packages/sklearn/linear_model/_glm/_newton_solver.py:597: LinAlgWarning: The inner solver of NewtonCholeskySolver stumbled upon a singular or very ill-conditioned Hessian matrix at iteration 1. It will now resort to lbfgs instead.
Further options are to use another solver or to avoid such situation in the first place. Possible remedies are removing collinear features of X or increasing the penalization strengths.
The original Linear Algebra message was:
An ill-conditioned matrix detected: slice 0 has rcond = 3.0037043075026304e-08.
  warnings.warn(
/home/suyash/rev/.venv/lib/python3.11/site-packages/sklearn/linear_model/_glm/_newton_solver.py:199: ConvergenceWarning: lbfgs failed to converge after 199 iteration(s) (status=1):
STOP: TOTAL NO. OF ITERATIONS REACHED LIMIT

Increase the number of iterations to improve the convergence (max_iter=199).
You might also want to scale the data as shown in:
    https://scikit-learn.org/stable/modules/preprocessing.html
  self.iteration += _check_optimize_result("lbfgs", opt_res, max_iter=max_iter)
/home/suyash/rev/.venv/lib/python3.11/site-packages/sklearn/linear_model/_glm/_newton_solver.py:597: LinAlgWarning: The inner solver of NewtonCholeskySolver stumbled upon a singular or very ill-conditioned Hessian matrix at iteration 1. It will now resort to lbfgs instead.
Further options are to use another solver or to avoid such situation in the first place. Possible remedies are removing collinear features of X or increasing the penalization strengths.
The original Linear Algebra message was:
An ill-conditioned matrix detected: slice 0 has rcond = 4.2292239044172675e-08.
  warnings.warn(
/home/suyash/rev/.venv/lib/python3.11/site-packages/sklearn/linear_model/_glm/_newton_solver.py:199: ConvergenceWarning: lbfgs failed to converge after 199 iteration(s) (status=1):
STOP: TOTAL NO. OF ITERATIONS REACHED LIMIT

Increase the number of iterations to improve the convergence (max_iter=199).
You might also want to scale the data as shown in:
    https://scikit-learn.org/stable/modules/preprocessing.html
  self.iteration += _check_optimize_result("lbfgs", opt_res, max_iter=max_iter)
/home/suyash/rev/.venv/lib/python3.11/site-packages/sklearn/linear_model/_glm/_newton_solver.py:597: LinAlgWarning: The inner solver of NewtonCholeskySolver stumbled upon a singular or very ill-conditioned Hessian matrix at iteration 1. It will now resort to lbfgs instead.
Further options are to use another solver or to avoid such situation in the first place. Possible remedies are removing collinear features of X or increasing the penalization strengths.
The original Linear Algebra message was:
An ill-conditioned matrix detected: slice 0 has rcond = 5.710359118893393e-08.
  warnings.warn(
/home/suyash/rev/.venv/lib/python3.11/site-packages/sklearn/linear_model/_glm/_newton_solver.py:199: ConvergenceWarning: lbfgs failed to converge after 199 iteration(s) (status=1):
STOP: TOTAL NO. OF ITERATIONS REACHED LIMIT

Increase the number of iterations to improve the convergence (max_iter=199).
You might also want to scale the data as shown in:
    https://scikit-learn.org/stable/modules/preprocessing.html
  self.iteration += _check_optimize_result("lbfgs", opt_res, max_iter=max_iter)
/home/suyash/rev/.venv/lib/python3.11/site-packages/sklearn/linear_model/_glm/_newton_solver.py:597: LinAlgWarning: The inner solver of NewtonCholeskySolver stumbled upon a singular or very ill-conditioned Hessian matrix at iteration 1. It will now resort to lbfgs instead.
Further options are to use another solver or to avoid such situation in the first place. Possible remedies are removing collinear features of X or increasing the penalization strengths.
The original Linear Algebra message was:
An ill-conditioned matrix detected: slice 0 has rcond = 4.503076667106143e-08.
  warnings.warn(
/home/suyash/rev/.venv/lib/python3.11/site-packages/sklearn/linear_model/_glm/_newton_solver.py:199: ConvergenceWarning: lbfgs failed to converge after 199 iteration(s) (status=1):
STOP: TOTAL NO. OF ITERATIONS REACHED LIMIT

Increase the number of iterations to improve the convergence (max_iter=199).
You might also want to scale the data as shown in:
    https://scikit-learn.org/stable/modules/preprocessing.html
  self.iteration += _check_optimize_result("lbfgs", opt_res, max_iter=max_iter)
/home/suyash/rev/.venv/lib/python3.11/site-packages/sklearn/linear_model/_glm/_newton_solver.py:597: LinAlgWarning: The inner solver of NewtonCholeskySolver stumbled upon a singular or very ill-conditioned Hessian matrix at iteration 1. It will now resort to lbfgs instead.
Further options are to use another solver or to avoid such situation in the first place. Possible remedies are removing collinear features of X or increasing the penalization strengths.
The original Linear Algebra message was:
An ill-conditioned matrix detected: slice 0 has rcond = 4.042826162731217e-08.
  warnings.warn(
/home/suyash/rev/.venv/lib/python3.11/site-packages/sklearn/linear_model/_glm/_newton_solver.py:199: ConvergenceWarning: lbfgs failed to converge after 199 iteration(s) (status=1):
STOP: TOTAL NO. OF ITERATIONS REACHED LIMIT

Increase the number of iterations to improve the convergence (max_iter=199).
You might also want to scale the data as shown in:
    https://scikit-learn.org/stable/modules/preprocessing.html
  self.iteration += _check_optimize_result("lbfgs", opt_res, max_iter=max_iter)
/home/suyash/rev/.venv/lib/python3.11/site-packages/sklearn/linear_model/_glm/_newton_solver.py:597: LinAlgWarning: The inner solver of NewtonCholeskySolver stumbled upon a singular or very ill-conditioned Hessian matrix at iteration 1. It will now resort to lbfgs instead.
Further options are to use another solver or to avoid such situation in the first place. Possible remedies are removing collinear features of X or increasing the penalization strengths.
The original Linear Algebra message was:
An ill-conditioned matrix detected: slice 0 has rcond = 3.6180082929604396e-08.
  warnings.warn(
/home/suyash/rev/.venv/lib/python3.11/site-packages/sklearn/linear_model/_glm/_newton_solver.py:199: ConvergenceWarning: lbfgs failed to converge after 199 iteration(s) (status=1):
STOP: TOTAL NO. OF ITERATIONS REACHED LIMIT

Increase the number of iterations to improve the convergence (max_iter=199).
You might also want to scale the data as shown in:
    https://scikit-learn.org/stable/modules/preprocessing.html
  self.iteration += _check_optimize_result("lbfgs", opt_res, max_iter=max_iter)
/home/suyash/rev/.venv/lib/python3.11/site-packages/sklearn/linear_model/_glm/_newton_solver.py:597: LinAlgWarning: The inner solver of NewtonCholeskySolver stumbled upon a singular or very ill-conditioned Hessian matrix at iteration 1. It will now resort to lbfgs instead.
Further options are to use another solver or to avoid such situation in the first place. Possible remedies are removing collinear features of X or increasing the penalization strengths.
The original Linear Algebra message was:
An ill-conditioned matrix detected: slice 0 has rcond = 4.2997381655141e-08.
  warnings.warn(
/home/suyash/rev/.venv/lib/python3.11/site-packages/sklearn/linear_model/_glm/_newton_solver.py:199: ConvergenceWarning: lbfgs failed to converge after 199 iteration(s) (status=1):
STOP: TOTAL NO. OF ITERATIONS REACHED LIMIT

Increase the number of iterations to improve the convergence (max_iter=199).
You might also want to scale the data as shown in:
    https://scikit-learn.org/stable/modules/preprocessing.html
  self.iteration += _check_optimize_result("lbfgs", opt_res, max_iter=max_iter)
/home/suyash/rev/.venv/lib/python3.11/site-packages/sklearn/linear_model/_glm/_newton_solver.py:597: LinAlgWarning: The inner solver of NewtonCholeskySolver stumbled upon a singular or very ill-conditioned Hessian matrix at iteration 1. It will now resort to lbfgs instead.
Further options are to use another solver or to avoid such situation in the first place. Possible remedies are removing collinear features of X or increasing the penalization strengths.
The original Linear Algebra message was:
An ill-conditioned matrix detected: slice 0 has rcond = 3.4795665015963095e-08.
  warnings.warn(
/home/suyash/rev/.venv/lib/python3.11/site-packages/sklearn/linear_model/_glm/_newton_solver.py:199: ConvergenceWarning: lbfgs failed to converge after 199 iteration(s) (status=1):
STOP: TOTAL NO. OF ITERATIONS REACHED LIMIT

Increase the number of iterations to improve the convergence (max_iter=199).
You might also want to scale the data as shown in:
    https://scikit-learn.org/stable/modules/preprocessing.html
  self.iteration += _check_optimize_result("lbfgs", opt_res, max_iter=max_iter)
/home/suyash/rev/.venv/lib/python3.11/site-packages/sklearn/linear_model/_glm/_newton_solver.py:597: LinAlgWarning: The inner solver of NewtonCholeskySolver stumbled upon a singular or very ill-conditioned Hessian matrix at iteration 1. It will now resort to lbfgs instead.
Further options are to use another solver or to avoid such situation in the first place. Possible remedies are removing collinear features of X or increasing the penalization strengths.
The original Linear Algebra message was:
An ill-conditioned matrix detected: slice 0 has rcond = 4.045670820573832e-08.
  warnings.warn(
/home/suyash/rev/.venv/lib/python3.11/site-packages/sklearn/linear_model/_glm/_newton_solver.py:199: ConvergenceWarning: lbfgs failed to converge after 199 iteration(s) (status=1):
STOP: TOTAL NO. OF ITERATIONS REACHED LIMIT

Increase the number of iterations to improve the convergence (max_iter=199).
You might also want to scale the data as shown in:
    https://scikit-learn.org/stable/modules/preprocessing.html
  self.iteration += _check_optimize_result("lbfgs", opt_res, max_iter=max_iter)
ZRL-U done, 475s
/home/suyash/rev/.venv/lib/python3.11/site-packages/sklearn/linear_model/_glm/_newton_solver.py:597: LinAlgWarning: The inner solver of NewtonCholeskySolver stumbled upon a singular or very ill-conditioned Hessian matrix at iteration 1. It will now resort to lbfgs instead.
Further options are to use another solver or to avoid such situation in the first place. Possible remedies are removing collinear features of X or increasing the penalization strengths.
The original Linear Algebra message was:
An ill-conditioned matrix detected: slice 0 has rcond = 5.2305562547871887e-08.
  warnings.warn(
/home/suyash/rev/.venv/lib/python3.11/site-packages/sklearn/linear_model/_glm/_newton_solver.py:199: ConvergenceWarning: lbfgs failed to converge after 199 iteration(s) (status=1):
STOP: TOTAL NO. OF ITERATIONS REACHED LIMIT

Increase the number of iterations to improve the convergence (max_iter=199).
You might also want to scale the data as shown in:
    https://scikit-learn.org/stable/modules/preprocessing.html
  self.iteration += _check_optimize_result("lbfgs", opt_res, max_iter=max_iter)
/home/suyash/rev/.venv/lib/python3.11/site-packages/sklearn/linear_model/_glm/_newton_solver.py:597: LinAlgWarning: The inner solver of NewtonCholeskySolver stumbled upon a singular or very ill-conditioned Hessian matrix at iteration 1. It will now resort to lbfgs instead.
Further options are to use another solver or to avoid such situation in the first place. Possible remedies are removing collinear features of X or increasing the penalization strengths.
The original Linear Algebra message was:
An ill-conditioned matrix detected: slice 0 has rcond = 4.9699892201715556e-08.
  warnings.warn(
/home/suyash/rev/.venv/lib/python3.11/site-packages/sklearn/linear_model/_glm/_newton_solver.py:199: ConvergenceWarning: lbfgs failed to converge after 199 iteration(s) (status=1):
STOP: TOTAL NO. OF ITERATIONS REACHED LIMIT

Increase the number of iterations to improve the convergence (max_iter=199).
You might also want to scale the data as shown in:
    https://scikit-learn.org/stable/modules/preprocessing.html
  self.iteration += _check_optimize_result("lbfgs", opt_res, max_iter=max_iter)
/home/suyash/rev/.venv/lib/python3.11/site-packages/sklearn/linear_model/_glm/_newton_solver.py:597: LinAlgWarning: The inner solver of NewtonCholeskySolver stumbled upon a singular or very ill-conditioned Hessian matrix at iteration 1. It will now resort to lbfgs instead.
Further options are to use another solver or to avoid such situation in the first place. Possible remedies are removing collinear features of X or increasing the penalization strengths.
The original Linear Algebra message was:
An ill-conditioned matrix detected: slice 0 has rcond = 2.984990032928181e-08.
  warnings.warn(
/home/suyash/rev/.venv/lib/python3.11/site-packages/sklearn/linear_model/_glm/_newton_solver.py:199: ConvergenceWarning: lbfgs failed to converge after 199 iteration(s) (status=1):
STOP: TOTAL NO. OF ITERATIONS REACHED LIMIT

Increase the number of iterations to improve the convergence (max_iter=199).
You might also want to scale the data as shown in:
    https://scikit-learn.org/stable/modules/preprocessing.html
  self.iteration += _check_optimize_result("lbfgs", opt_res, max_iter=max_iter)
/home/suyash/rev/.venv/lib/python3.11/site-packages/sklearn/linear_model/_glm/_newton_solver.py:597: LinAlgWarning: The inner solver of NewtonCholeskySolver stumbled upon a singular or very ill-conditioned Hessian matrix at iteration 1. It will now resort to lbfgs instead.
Further options are to use another solver or to avoid such situation in the first place. Possible remedies are removing collinear features of X or increasing the penalization strengths.
The original Linear Algebra message was:
An ill-conditioned matrix detected: slice 0 has rcond = 3.6286561311271726e-08.
  warnings.warn(
/home/suyash/rev/.venv/lib/python3.11/site-packages/sklearn/linear_model/_glm/_newton_solver.py:199: ConvergenceWarning: lbfgs failed to converge after 199 iteration(s) (status=1):
STOP: TOTAL NO. OF ITERATIONS REACHED LIMIT

Increase the number of iterations to improve the convergence (max_iter=199).
You might also want to scale the data as shown in:
    https://scikit-learn.org/stable/modules/preprocessing.html
  self.iteration += _check_optimize_result("lbfgs", opt_res, max_iter=max_iter)
/home/suyash/rev/.venv/lib/python3.11/site-packages/sklearn/linear_model/_glm/_newton_solver.py:597: LinAlgWarning: The inner solver of NewtonCholeskySolver stumbled upon a singular or very ill-conditioned Hessian matrix at iteration 1. It will now resort to lbfgs instead.
Further options are to use another solver or to avoid such situation in the first place. Possible remedies are removing collinear features of X or increasing the penalization strengths.
The original Linear Algebra message was:
An ill-conditioned matrix detected: slice 0 has rcond = 4.980844181545763e-08.
  warnings.warn(
/home/suyash/rev/.venv/lib/python3.11/site-packages/sklearn/linear_model/_glm/_newton_solver.py:199: ConvergenceWarning: lbfgs failed to converge after 199 iteration(s) (status=1):
STOP: TOTAL NO. OF ITERATIONS REACHED LIMIT

Increase the number of iterations to improve the convergence (max_iter=199).
You might also want to scale the data as shown in:
    https://scikit-learn.org/stable/modules/preprocessing.html
  self.iteration += _check_optimize_result("lbfgs", opt_res, max_iter=max_iter)
/home/suyash/rev/.venv/lib/python3.11/site-packages/sklearn/linear_model/_glm/_newton_solver.py:597: LinAlgWarning: The inner solver of NewtonCholeskySolver stumbled upon a singular or very ill-conditioned Hessian matrix at iteration 1. It will now resort to lbfgs instead.
Further options are to use another solver or to avoid such situation in the first place. Possible remedies are removing collinear features of X or increasing the penalization strengths.
The original Linear Algebra message was:
An ill-conditioned matrix detected: slice 0 has rcond = 5.550867854253738e-08.
  warnings.warn(
/home/suyash/rev/.venv/lib/python3.11/site-packages/sklearn/linear_model/_glm/_newton_solver.py:199: ConvergenceWarning: lbfgs failed to converge after 199 iteration(s) (status=1):
STOP: TOTAL NO. OF ITERATIONS REACHED LIMIT

Increase the number of iterations to improve the convergence (max_iter=199).
You might also want to scale the data as shown in:
    https://scikit-learn.org/stable/modules/preprocessing.html
  self.iteration += _check_optimize_result("lbfgs", opt_res, max_iter=max_iter)
/home/suyash/rev/.venv/lib/python3.11/site-packages/sklearn/linear_model/_glm/_newton_solver.py:597: LinAlgWarning: The inner solver of NewtonCholeskySolver stumbled upon a singular or very ill-conditioned Hessian matrix at iteration 1. It will now resort to lbfgs instead.
Further options are to use another solver or to avoid such situation in the first place. Possible remedies are removing collinear features of X or increasing the penalization strengths.
The original Linear Algebra message was:
An ill-conditioned matrix detected: slice 0 has rcond = 4.036982659272326e-08.
  warnings.warn(
/home/suyash/rev/.venv/lib/python3.11/site-packages/sklearn/linear_model/_glm/_newton_solver.py:199: ConvergenceWarning: lbfgs failed to converge after 199 iteration(s) (status=1):
STOP: TOTAL NO. OF ITERATIONS REACHED LIMIT

Increase the number of iterations to improve the convergence (max_iter=199).
You might also want to scale the data as shown in:
    https://scikit-learn.org/stable/modules/preprocessing.html
  self.iteration += _check_optimize_result("lbfgs", opt_res, max_iter=max_iter)
/home/suyash/rev/.venv/lib/python3.11/site-packages/sklearn/linear_model/_glm/_newton_solver.py:597: LinAlgWarning: The inner solver of NewtonCholeskySolver stumbled upon a singular or very ill-conditioned Hessian matrix at iteration 1. It will now resort to lbfgs instead.
Further options are to use another solver or to avoid such situation in the first place. Possible remedies are removing collinear features of X or increasing the penalization strengths.
The original Linear Algebra message was:
An ill-conditioned matrix detected: slice 0 has rcond = 4.196148140067635e-08.
  warnings.warn(
/home/suyash/rev/.venv/lib/python3.11/site-packages/sklearn/linear_model/_glm/_newton_solver.py:199: ConvergenceWarning: lbfgs failed to converge after 199 iteration(s) (status=1):
STOP: TOTAL NO. OF ITERATIONS REACHED LIMIT

Increase the number of iterations to improve the convergence (max_iter=199).
You might also want to scale the data as shown in:
    https://scikit-learn.org/stable/modules/preprocessing.html
  self.iteration += _check_optimize_result("lbfgs", opt_res, max_iter=max_iter)
/home/suyash/rev/.venv/lib/python3.11/site-packages/sklearn/linear_model/_glm/_newton_solver.py:597: LinAlgWarning: The inner solver of NewtonCholeskySolver stumbled upon a singular or very ill-conditioned Hessian matrix at iteration 1. It will now resort to lbfgs instead.
Further options are to use another solver or to avoid such situation in the first place. Possible remedies are removing collinear features of X or increasing the penalization strengths.
The original Linear Algebra message was:
An ill-conditioned matrix detected: slice 0 has rcond = 3.672102621976592e-08.
  warnings.warn(
/home/suyash/rev/.venv/lib/python3.11/site-packages/sklearn/linear_model/_glm/_newton_solver.py:199: ConvergenceWarning: lbfgs failed to converge after 199 iteration(s) (status=1):
STOP: TOTAL NO. OF ITERATIONS REACHED LIMIT

Increase the number of iterations to improve the convergence (max_iter=199).
You might also want to scale the data as shown in:
    https://scikit-learn.org/stable/modules/preprocessing.html
  self.iteration += _check_optimize_result("lbfgs", opt_res, max_iter=max_iter)
/home/suyash/rev/.venv/lib/python3.11/site-packages/sklearn/linear_model/_glm/_newton_solver.py:597: LinAlgWarning: The inner solver of NewtonCholeskySolver stumbled upon a singular or very ill-conditioned Hessian matrix at iteration 1. It will now resort to lbfgs instead.
Further options are to use another solver or to avoid such situation in the first place. Possible remedies are removing collinear features of X or increasing the penalization strengths.
The original Linear Algebra message was:
An ill-conditioned matrix detected: slice 0 has rcond = 4.708367384864687e-08.
  warnings.warn(
/home/suyash/rev/.venv/lib/python3.11/site-packages/sklearn/linear_model/_glm/_newton_solver.py:199: ConvergenceWarning: lbfgs failed to converge after 199 iteration(s) (status=1):
STOP: TOTAL NO. OF ITERATIONS REACHED LIMIT

Increase the number of iterations to improve the convergence (max_iter=199).
You might also want to scale the data as shown in:
    https://scikit-learn.org/stable/modules/preprocessing.html
  self.iteration += _check_optimize_result("lbfgs", opt_res, max_iter=max_iter)
/home/suyash/rev/.venv/lib/python3.11/site-packages/sklearn/linear_model/_glm/_newton_solver.py:597: LinAlgWarning: The inner solver of NewtonCholeskySolver stumbled upon a singular or very ill-conditioned Hessian matrix at iteration 1. It will now resort to lbfgs instead.
Further options are to use another solver or to avoid such situation in the first place. Possible remedies are removing collinear features of X or increasing the penalization strengths.
The original Linear Algebra message was:
An ill-conditioned matrix detected: slice 0 has rcond = 4.343216630786628e-08.
  warnings.warn(
/home/suyash/rev/.venv/lib/python3.11/site-packages/sklearn/linear_model/_glm/_newton_solver.py:199: ConvergenceWarning: lbfgs failed to converge after 199 iteration(s) (status=1):
STOP: TOTAL NO. OF ITERATIONS REACHED LIMIT

Increase the number of iterations to improve the convergence (max_iter=199).
You might also want to scale the data as shown in:
    https://scikit-learn.org/stable/modules/preprocessing.html
  self.iteration += _check_optimize_result("lbfgs", opt_res, max_iter=max_iter)
/home/suyash/rev/.venv/lib/python3.11/site-packages/sklearn/linear_model/_glm/_newton_solver.py:597: LinAlgWarning: The inner solver of NewtonCholeskySolver stumbled upon a singular or very ill-conditioned Hessian matrix at iteration 1. It will now resort to lbfgs instead.
Further options are to use another solver or to avoid such situation in the first place. Possible remedies are removing collinear features of X or increasing the penalization strengths.
The original Linear Algebra message was:
An ill-conditioned matrix detected: slice 0 has rcond = 4.147052123926187e-08.
  warnings.warn(
/home/suyash/rev/.venv/lib/python3.11/site-packages/sklearn/linear_model/_glm/_newton_solver.py:199: ConvergenceWarning: lbfgs failed to converge after 199 iteration(s) (status=1):
STOP: TOTAL NO. OF ITERATIONS REACHED LIMIT

Increase the number of iterations to improve the convergence (max_iter=199).
You might also want to scale the data as shown in:
    https://scikit-learn.org/stable/modules/preprocessing.html
  self.iteration += _check_optimize_result("lbfgs", opt_res, max_iter=max_iter)
/home/suyash/rev/.venv/lib/python3.11/site-packages/sklearn/linear_model/_glm/_newton_solver.py:597: LinAlgWarning: The inner solver of NewtonCholeskySolver stumbled upon a singular or very ill-conditioned Hessian matrix at iteration 1. It will now resort to lbfgs instead.
Further options are to use another solver or to avoid such situation in the first place. Possible remedies are removing collinear features of X or increasing the penalization strengths.
The original Linear Algebra message was:
An ill-conditioned matrix detected: slice 0 has rcond = 4.997125202521602e-08.
  warnings.warn(
/home/suyash/rev/.venv/lib/python3.11/site-packages/sklearn/linear_model/_glm/_newton_solver.py:199: ConvergenceWarning: lbfgs failed to converge after 199 iteration(s) (status=1):
STOP: TOTAL NO. OF ITERATIONS REACHED LIMIT

Increase the number of iterations to improve the convergence (max_iter=199).
You might also want to scale the data as shown in:
    https://scikit-learn.org/stable/modules/preprocessing.html
  self.iteration += _check_optimize_result("lbfgs", opt_res, max_iter=max_iter)
/home/suyash/rev/.venv/lib/python3.11/site-packages/sklearn/linear_model/_glm/_newton_solver.py:597: LinAlgWarning: The inner solver of NewtonCholeskySolver stumbled upon a singular or very ill-conditioned Hessian matrix at iteration 1. It will now resort to lbfgs instead.
Further options are to use another solver or to avoid such situation in the first place. Possible remedies are removing collinear features of X or increasing the penalization strengths.
The original Linear Algebra message was:
An ill-conditioned matrix detected: slice 0 has rcond = 4.41313936505594e-08.
  warnings.warn(
/home/suyash/rev/.venv/lib/python3.11/site-packages/sklearn/linear_model/_glm/_newton_solver.py:199: ConvergenceWarning: lbfgs failed to converge after 199 iteration(s) (status=1):
STOP: TOTAL NO. OF ITERATIONS REACHED LIMIT

Increase the number of iterations to improve the convergence (max_iter=199).
You might also want to scale the data as shown in:
    https://scikit-learn.org/stable/modules/preprocessing.html
  self.iteration += _check_optimize_result("lbfgs", opt_res, max_iter=max_iter)
/home/suyash/rev/.venv/lib/python3.11/site-packages/sklearn/linear_model/_glm/_newton_solver.py:597: LinAlgWarning: The inner solver of NewtonCholeskySolver stumbled upon a singular or very ill-conditioned Hessian matrix at iteration 1. It will now resort to lbfgs instead.
Further options are to use another solver or to avoid such situation in the first place. Possible remedies are removing collinear features of X or increasing the penalization strengths.
The original Linear Algebra message was:
An ill-conditioned matrix detected: slice 0 has rcond = 5.7689312882303057e-08.
  warnings.warn(
/home/suyash/rev/.venv/lib/python3.11/site-packages/sklearn/linear_model/_glm/_newton_solver.py:199: ConvergenceWarning: lbfgs failed to converge after 199 iteration(s) (status=1):
STOP: TOTAL NO. OF ITERATIONS REACHED LIMIT

Increase the number of iterations to improve the convergence (max_iter=199).
You might also want to scale the data as shown in:
    https://scikit-learn.org/stable/modules/preprocessing.html
  self.iteration += _check_optimize_result("lbfgs", opt_res, max_iter=max_iter)
ZRL-MI (label-ranked) done, 937s
/home/suyash/rev/.venv/lib/python3.11/site-packages/sklearn/linear_model/_glm/_newton_solver.py:597: LinAlgWarning: The inner solver of NewtonCholeskySolver stumbled upon a singular or very ill-conditioned Hessian matrix at iteration 1. It will now resort to lbfgs instead.
Further options are to use another solver or to avoid such situation in the first place. Possible remedies are removing collinear features of X or increasing the penalization strengths.
The original Linear Algebra message was:
An ill-conditioned matrix detected: slice 0 has rcond = 5.1040505155697247e-08.
  warnings.warn(
/home/suyash/rev/.venv/lib/python3.11/site-packages/sklearn/linear_model/_glm/_newton_solver.py:199: ConvergenceWarning: lbfgs failed to converge after 199 iteration(s) (status=1):
STOP: TOTAL NO. OF ITERATIONS REACHED LIMIT

Increase the number of iterations to improve the convergence (max_iter=199).
You might also want to scale the data as shown in:
    https://scikit-learn.org/stable/modules/preprocessing.html
  self.iteration += _check_optimize_result("lbfgs", opt_res, max_iter=max_iter)
/home/suyash/rev/.venv/lib/python3.11/site-packages/sklearn/linear_model/_glm/_newton_solver.py:597: LinAlgWarning: The inner solver of NewtonCholeskySolver stumbled upon a singular or very ill-conditioned Hessian matrix at iteration 1. It will now resort to lbfgs instead.
Further options are to use another solver or to avoid such situation in the first place. Possible remedies are removing collinear features of X or increasing the penalization strengths.
The original Linear Algebra message was:
An ill-conditioned matrix detected: slice 0 has rcond = 6.346606795659682e-08.
  warnings.warn(
/home/suyash/rev/.venv/lib/python3.11/site-packages/sklearn/linear_model/_glm/_newton_solver.py:199: ConvergenceWarning: lbfgs failed to converge after 199 iteration(s) (status=1):
STOP: TOTAL NO. OF ITERATIONS REACHED LIMIT

Increase the number of iterations to improve the convergence (max_iter=199).
You might also want to scale the data as shown in:
    https://scikit-learn.org/stable/modules/preprocessing.html
  self.iteration += _check_optimize_result("lbfgs", opt_res, max_iter=max_iter)
/home/suyash/rev/.venv/lib/python3.11/site-packages/sklearn/linear_model/_glm/_newton_solver.py:597: LinAlgWarning: The inner solver of NewtonCholeskySolver stumbled upon a singular or very ill-conditioned Hessian matrix at iteration 1. It will now resort to lbfgs instead.
Further options are to use another solver or to avoid such situation in the first place. Possible remedies are removing collinear features of X or increasing the penalization strengths.
The original Linear Algebra message was:
An ill-conditioned matrix detected: slice 0 has rcond = 5.964596283547507e-08.
  warnings.warn(
/home/suyash/rev/.venv/lib/python3.11/site-packages/sklearn/linear_model/_glm/_newton_solver.py:199: ConvergenceWarning: lbfgs failed to converge after 199 iteration(s) (status=1):
STOP: TOTAL NO. OF ITERATIONS REACHED LIMIT

Increase the number of iterations to improve the convergence (max_iter=199).
You might also want to scale the data as shown in:
    https://scikit-learn.org/stable/modules/preprocessing.html
  self.iteration += _check_optimize_result("lbfgs", opt_res, max_iter=max_iter)
/home/suyash/rev/.venv/lib/python3.11/site-packages/sklearn/linear_model/_glm/_newton_solver.py:597: LinAlgWarning: The inner solver of NewtonCholeskySolver stumbled upon a singular or very ill-conditioned Hessian matrix at iteration 1. It will now resort to lbfgs instead.
Further options are to use another solver or to avoid such situation in the first place. Possible remedies are removing collinear features of X or increasing the penalization strengths.
The original Linear Algebra message was:
An ill-conditioned matrix detected: slice 0 has rcond = 5.5747900518099414e-08.
  warnings.warn(
/home/suyash/rev/.venv/lib/python3.11/site-packages/sklearn/linear_model/_glm/_newton_solver.py:199: ConvergenceWarning: lbfgs failed to converge after 199 iteration(s) (status=1):
STOP: TOTAL NO. OF ITERATIONS REACHED LIMIT

Increase the number of iterations to improve the convergence (max_iter=199).
You might also want to scale the data as shown in:
    https://scikit-learn.org/stable/modules/preprocessing.html
  self.iteration += _check_optimize_result("lbfgs", opt_res, max_iter=max_iter)
/home/suyash/rev/.venv/lib/python3.11/site-packages/sklearn/linear_model/_glm/_newton_solver.py:597: LinAlgWarning: The inner solver of NewtonCholeskySolver stumbled upon a singular or very ill-conditioned Hessian matrix at iteration 1. It will now resort to lbfgs instead.
Further options are to use another solver or to avoid such situation in the first place. Possible remedies are removing collinear features of X or increasing the penalization strengths.
The original Linear Algebra message was:
An ill-conditioned matrix detected: slice 0 has rcond = 5.803607905363606e-08.
  warnings.warn(
/home/suyash/rev/.venv/lib/python3.11/site-packages/sklearn/linear_model/_glm/_newton_solver.py:199: ConvergenceWarning: lbfgs failed to converge after 199 iteration(s) (status=1):
STOP: TOTAL NO. OF ITERATIONS REACHED LIMIT

Increase the number of iterations to improve the convergence (max_iter=199).
You might also want to scale the data as shown in:
    https://scikit-learn.org/stable/modules/preprocessing.html
  self.iteration += _check_optimize_result("lbfgs", opt_res, max_iter=max_iter)
/home/suyash/rev/.venv/lib/python3.11/site-packages/sklearn/linear_model/_glm/_newton_solver.py:597: LinAlgWarning: The inner solver of NewtonCholeskySolver stumbled upon a singular or very ill-conditioned Hessian matrix at iteration 1. It will now resort to lbfgs instead.
Further options are to use another solver or to avoid such situation in the first place. Possible remedies are removing collinear features of X or increasing the penalization strengths.
The original Linear Algebra message was:
An ill-conditioned matrix detected: slice 0 has rcond = 5.962454707741927e-08.
  warnings.warn(
/home/suyash/rev/.venv/lib/python3.11/site-packages/sklearn/linear_model/_glm/_newton_solver.py:199: ConvergenceWarning: lbfgs failed to converge after 199 iteration(s) (status=1):
STOP: TOTAL NO. OF ITERATIONS REACHED LIMIT

Increase the number of iterations to improve the convergence (max_iter=199).
You might also want to scale the data as shown in:
    https://scikit-learn.org/stable/modules/preprocessing.html
  self.iteration += _check_optimize_result("lbfgs", opt_res, max_iter=max_iter)
/home/suyash/rev/.venv/lib/python3.11/site-packages/sklearn/linear_model/_glm/_newton_solver.py:597: LinAlgWarning: The inner solver of NewtonCholeskySolver stumbled upon a singular or very ill-conditioned Hessian matrix at iteration 1. It will now resort to lbfgs instead.
Further options are to use another solver or to avoid such situation in the first place. Possible remedies are removing collinear features of X or increasing the penalization strengths.
The original Linear Algebra message was:
An ill-conditioned matrix detected: slice 0 has rcond = 5.708745121069114e-08.
  warnings.warn(
/home/suyash/rev/.venv/lib/python3.11/site-packages/sklearn/linear_model/_glm/_newton_solver.py:199: ConvergenceWarning: lbfgs failed to converge after 199 iteration(s) (status=1):
STOP: TOTAL NO. OF ITERATIONS REACHED LIMIT

Increase the number of iterations to improve the convergence (max_iter=199).
You might also want to scale the data as shown in:
    https://scikit-learn.org/stable/modules/preprocessing.html
  self.iteration += _check_optimize_result("lbfgs", opt_res, max_iter=max_iter)
/home/suyash/rev/.venv/lib/python3.11/site-packages/sklearn/linear_model/_glm/_newton_solver.py:597: LinAlgWarning: The inner solver of NewtonCholeskySolver stumbled upon a singular or very ill-conditioned Hessian matrix at iteration 1. It will now resort to lbfgs instead.
Further options are to use another solver or to avoid such situation in the first place. Possible remedies are removing collinear features of X or increasing the penalization strengths.
The original Linear Algebra message was:
An ill-conditioned matrix detected: slice 0 has rcond = 6.72356890163428e-08.
  warnings.warn(
/home/suyash/rev/.venv/lib/python3.11/site-packages/sklearn/linear_model/_glm/_newton_solver.py:199: ConvergenceWarning: lbfgs failed to converge after 199 iteration(s) (status=1):
STOP: TOTAL NO. OF ITERATIONS REACHED LIMIT

Increase the number of iterations to improve the convergence (max_iter=199).
You might also want to scale the data as shown in:
    https://scikit-learn.org/stable/modules/preprocessing.html
  self.iteration += _check_optimize_result("lbfgs", opt_res, max_iter=max_iter)
/home/suyash/rev/.venv/lib/python3.11/site-packages/sklearn/linear_model/_glm/_newton_solver.py:597: LinAlgWarning: The inner solver of NewtonCholeskySolver stumbled upon a singular or very ill-conditioned Hessian matrix at iteration 1. It will now resort to lbfgs instead.
Further options are to use another solver or to avoid such situation in the first place. Possible remedies are removing collinear features of X or increasing the penalization strengths.
The original Linear Algebra message was:
An ill-conditioned matrix detected: slice 0 has rcond = 6.127469731609381e-08.
  warnings.warn(
/home/suyash/rev/.venv/lib/python3.11/site-packages/sklearn/linear_model/_glm/_newton_solver.py:199: ConvergenceWarning: lbfgs failed to converge after 199 iteration(s) (status=1):
STOP: TOTAL NO. OF ITERATIONS REACHED LIMIT

Increase the number of iterations to improve the convergence (max_iter=199).
You might also want to scale the data as shown in:
    https://scikit-learn.org/stable/modules/preprocessing.html
  self.iteration += _check_optimize_result("lbfgs", opt_res, max_iter=max_iter)
/home/suyash/rev/.venv/lib/python3.11/site-packages/sklearn/linear_model/_glm/_newton_solver.py:597: LinAlgWarning: The inner solver of NewtonCholeskySolver stumbled upon a singular or very ill-conditioned Hessian matrix at iteration 1. It will now resort to lbfgs instead.
Further options are to use another solver or to avoid such situation in the first place. Possible remedies are removing collinear features of X or increasing the penalization strengths.
The original Linear Algebra message was:
An ill-conditioned matrix detected: slice 0 has rcond = 5.912022515985882e-08.
  warnings.warn(
/home/suyash/rev/.venv/lib/python3.11/site-packages/sklearn/linear_model/_glm/_newton_solver.py:199: ConvergenceWarning: lbfgs failed to converge after 199 iteration(s) (status=1):
STOP: TOTAL NO. OF ITERATIONS REACHED LIMIT

Increase the number of iterations to improve the convergence (max_iter=199).
You might also want to scale the data as shown in:
    https://scikit-learn.org/stable/modules/preprocessing.html
  self.iteration += _check_optimize_result("lbfgs", opt_res, max_iter=max_iter)
/home/suyash/rev/.venv/lib/python3.11/site-packages/sklearn/linear_model/_glm/_newton_solver.py:597: LinAlgWarning: The inner solver of NewtonCholeskySolver stumbled upon a singular or very ill-conditioned Hessian matrix at iteration 1. It will now resort to lbfgs instead.
Further options are to use another solver or to avoid such situation in the first place. Possible remedies are removing collinear features of X or increasing the penalization strengths.
The original Linear Algebra message was:
An ill-conditioned matrix detected: slice 0 has rcond = 5.8039198336246045e-08.
  warnings.warn(
/home/suyash/rev/.venv/lib/python3.11/site-packages/sklearn/linear_model/_glm/_newton_solver.py:199: ConvergenceWarning: lbfgs failed to converge after 199 iteration(s) (status=1):
STOP: TOTAL NO. OF ITERATIONS REACHED LIMIT

Increase the number of iterations to improve the convergence (max_iter=199).
You might also want to scale the data as shown in:
    https://scikit-learn.org/stable/modules/preprocessing.html
  self.iteration += _check_optimize_result("lbfgs", opt_res, max_iter=max_iter)
/home/suyash/rev/.venv/lib/python3.11/site-packages/sklearn/linear_model/_glm/_newton_solver.py:597: LinAlgWarning: The inner solver of NewtonCholeskySolver stumbled upon a singular or very ill-conditioned Hessian matrix at iteration 1. It will now resort to lbfgs instead.
Further options are to use another solver or to avoid such situation in the first place. Possible remedies are removing collinear features of X or increasing the penalization strengths.
The original Linear Algebra message was:
An ill-conditioned matrix detected: slice 0 has rcond = 5.2390330296248067e-08.
  warnings.warn(
/home/suyash/rev/.venv/lib/python3.11/site-packages/sklearn/linear_model/_glm/_newton_solver.py:199: ConvergenceWarning: lbfgs failed to converge after 199 iteration(s) (status=1):
STOP: TOTAL NO. OF ITERATIONS REACHED LIMIT

Increase the number of iterations to improve the convergence (max_iter=199).
You might also want to scale the data as shown in:
    https://scikit-learn.org/stable/modules/preprocessing.html
  self.iteration += _check_optimize_result("lbfgs", opt_res, max_iter=max_iter)
/home/suyash/rev/.venv/lib/python3.11/site-packages/sklearn/linear_model/_glm/_newton_solver.py:597: LinAlgWarning: The inner solver of NewtonCholeskySolver stumbled upon a singular or very ill-conditioned Hessian matrix at iteration 1. It will now resort to lbfgs instead.
Further options are to use another solver or to avoid such situation in the first place. Possible remedies are removing collinear features of X or increasing the penalization strengths.
The original Linear Algebra message was:
An ill-conditioned matrix detected: slice 0 has rcond = 5.998465013590248e-08.
  warnings.warn(
/home/suyash/rev/.venv/lib/python3.11/site-packages/sklearn/linear_model/_glm/_newton_solver.py:199: ConvergenceWarning: lbfgs failed to converge after 199 iteration(s) (status=1):
STOP: TOTAL NO. OF ITERATIONS REACHED LIMIT

Increase the number of iterations to improve the convergence (max_iter=199).
You might also want to scale the data as shown in:
    https://scikit-learn.org/stable/modules/preprocessing.html
  self.iteration += _check_optimize_result("lbfgs", opt_res, max_iter=max_iter)
/home/suyash/rev/.venv/lib/python3.11/site-packages/sklearn/linear_model/_glm/_newton_solver.py:597: LinAlgWarning: The inner solver of NewtonCholeskySolver stumbled upon a singular or very ill-conditioned Hessian matrix at iteration 1. It will now resort to lbfgs instead.
Further options are to use another solver or to avoid such situation in the first place. Possible remedies are removing collinear features of X or increasing the penalization strengths.
The original Linear Algebra message was:
An ill-conditioned matrix detected: slice 0 has rcond = 6.300089694377675e-08.
  warnings.warn(
/home/suyash/rev/.venv/lib/python3.11/site-packages/sklearn/linear_model/_glm/_newton_solver.py:199: ConvergenceWarning: lbfgs failed to converge after 199 iteration(s) (status=1):
STOP: TOTAL NO. OF ITERATIONS REACHED LIMIT

Increase the number of iterations to improve the convergence (max_iter=199).
You might also want to scale the data as shown in:
    https://scikit-learn.org/stable/modules/preprocessing.html
  self.iteration += _check_optimize_result("lbfgs", opt_res, max_iter=max_iter)
/home/suyash/rev/.venv/lib/python3.11/site-packages/sklearn/linear_model/_glm/_newton_solver.py:597: LinAlgWarning: The inner solver of NewtonCholeskySolver stumbled upon a singular or very ill-conditioned Hessian matrix at iteration 1. It will now resort to lbfgs instead.
Further options are to use another solver or to avoid such situation in the first place. Possible remedies are removing collinear features of X or increasing the penalization strengths.
The original Linear Algebra message was:
An ill-conditioned matrix detected: slice 0 has rcond = 5.330316454887907e-08.
  warnings.warn(
/home/suyash/rev/.venv/lib/python3.11/site-packages/sklearn/linear_model/_glm/_newton_solver.py:199: ConvergenceWarning: lbfgs failed to converge after 199 iteration(s) (status=1):
STOP: TOTAL NO. OF ITERATIONS REACHED LIMIT

Increase the number of iterations to improve the convergence (max_iter=199).
You might also want to scale the data as shown in:
    https://scikit-learn.org/stable/modules/preprocessing.html
  self.iteration += _check_optimize_result("lbfgs", opt_res, max_iter=max_iter)
k-means partition done, 1170s
/home/suyash/rev/.venv/lib/python3.11/site-packages/sklearn/linear_model/_glm/_newton_solver.py:597: LinAlgWarning: The inner solver of NewtonCholeskySolver stumbled upon a singular or very ill-conditioned Hessian matrix at iteration 1. It will now resort to lbfgs instead.
Further options are to use another solver or to avoid such situation in the first place. Possible remedies are removing collinear features of X or increasing the penalization strengths.
The original Linear Algebra message was:
An ill-conditioned matrix detected: slice 0 has rcond = 5.571598737930117e-10.
  warnings.warn(
/home/suyash/rev/.venv/lib/python3.11/site-packages/sklearn/linear_model/_glm/_newton_solver.py:199: ConvergenceWarning: lbfgs failed to converge after 199 iteration(s) (status=1):
STOP: TOTAL NO. OF ITERATIONS REACHED LIMIT

Increase the number of iterations to improve the convergence (max_iter=199).
You might also want to scale the data as shown in:
    https://scikit-learn.org/stable/modules/preprocessing.html
  self.iteration += _check_optimize_result("lbfgs", opt_res, max_iter=max_iter)
/home/suyash/rev/.venv/lib/python3.11/site-packages/sklearn/linear_model/_glm/_newton_solver.py:597: LinAlgWarning: The inner solver of NewtonCholeskySolver stumbled upon a singular or very ill-conditioned Hessian matrix at iteration 1. It will now resort to lbfgs instead.
Further options are to use another solver or to avoid such situation in the first place. Possible remedies are removing collinear features of X or increasing the penalization strengths.
The original Linear Algebra message was:
An ill-conditioned matrix detected: slice 0 has rcond = 1.4499630385245155e-09.
  warnings.warn(
/home/suyash/rev/.venv/lib/python3.11/site-packages/sklearn/linear_model/_glm/_newton_solver.py:199: ConvergenceWarning: lbfgs failed to converge after 199 iteration(s) (status=1):
STOP: TOTAL NO. OF ITERATIONS REACHED LIMIT

Increase the number of iterations to improve the convergence (max_iter=199).
You might also want to scale the data as shown in:
    https://scikit-learn.org/stable/modules/preprocessing.html
  self.iteration += _check_optimize_result("lbfgs", opt_res, max_iter=max_iter)
/home/suyash/rev/.venv/lib/python3.11/site-packages/sklearn/linear_model/_glm/_newton_solver.py:597: LinAlgWarning: The inner solver of NewtonCholeskySolver stumbled upon a singular or very ill-conditioned Hessian matrix at iteration 1. It will now resort to lbfgs instead.
Further options are to use another solver or to avoid such situation in the first place. Possible remedies are removing collinear features of X or increasing the penalization strengths.
The original Linear Algebra message was:
An ill-conditioned matrix detected: slice 0 has rcond = 2.9590363492815186e-10.
  warnings.warn(
/home/suyash/rev/.venv/lib/python3.11/site-packages/sklearn/linear_model/_glm/_newton_solver.py:199: ConvergenceWarning: lbfgs failed to converge after 199 iteration(s) (status=1):
STOP: TOTAL NO. OF ITERATIONS REACHED LIMIT

Increase the number of iterations to improve the convergence (max_iter=199).
You might also want to scale the data as shown in:
    https://scikit-learn.org/stable/modules/preprocessing.html
  self.iteration += _check_optimize_result("lbfgs", opt_res, max_iter=max_iter)
/home/suyash/rev/.venv/lib/python3.11/site-packages/sklearn/linear_model/_glm/_newton_solver.py:597: LinAlgWarning: The inner solver of NewtonCholeskySolver stumbled upon a singular or very ill-conditioned Hessian matrix at iteration 1. It will now resort to lbfgs instead.
Further options are to use another solver or to avoid such situation in the first place. Possible remedies are removing collinear features of X or increasing the penalization strengths.
The original Linear Algebra message was:
An ill-conditioned matrix detected: slice 0 has rcond = 9.449865369381971e-12.
  warnings.warn(
/home/suyash/rev/.venv/lib/python3.11/site-packages/sklearn/linear_model/_glm/_newton_solver.py:199: ConvergenceWarning: lbfgs failed to converge after 199 iteration(s) (status=1):
STOP: TOTAL NO. OF ITERATIONS REACHED LIMIT

Increase the number of iterations to improve the convergence (max_iter=199).
You might also want to scale the data as shown in:
    https://scikit-learn.org/stable/modules/preprocessing.html
  self.iteration += _check_optimize_result("lbfgs", opt_res, max_iter=max_iter)
/home/suyash/rev/.venv/lib/python3.11/site-packages/sklearn/linear_model/_glm/_newton_solver.py:597: LinAlgWarning: The inner solver of NewtonCholeskySolver stumbled upon a singular or very ill-conditioned Hessian matrix at iteration 1. It will now resort to lbfgs instead.
Further options are to use another solver or to avoid such situation in the first place. Possible remedies are removing collinear features of X or increasing the penalization strengths.
The original Linear Algebra message was:
An ill-conditioned matrix detected: slice 0 has rcond = 1.2931710147157105e-09.
  warnings.warn(
/home/suyash/rev/.venv/lib/python3.11/site-packages/sklearn/linear_model/_glm/_newton_solver.py:199: ConvergenceWarning: lbfgs failed to converge after 199 iteration(s) (status=1):
STOP: TOTAL NO. OF ITERATIONS REACHED LIMIT

Increase the number of iterations to improve the convergence (max_iter=199).
You might also want to scale the data as shown in:
    https://scikit-learn.org/stable/modules/preprocessing.html
  self.iteration += _check_optimize_result("lbfgs", opt_res, max_iter=max_iter)
/home/suyash/rev/.venv/lib/python3.11/site-packages/sklearn/linear_model/_glm/_newton_solver.py:597: LinAlgWarning: The inner solver of NewtonCholeskySolver stumbled upon a singular or very ill-conditioned Hessian matrix at iteration 1. It will now resort to lbfgs instead.
Further options are to use another solver or to avoid such situation in the first place. Possible remedies are removing collinear features of X or increasing the penalization strengths.
The original Linear Algebra message was:
An ill-conditioned matrix detected: slice 0 has rcond = 1.0946002992895387e-09.
  warnings.warn(
/home/suyash/rev/.venv/lib/python3.11/site-packages/sklearn/linear_model/_glm/_newton_solver.py:199: ConvergenceWarning: lbfgs failed to converge after 199 iteration(s) (status=1):
STOP: TOTAL NO. OF ITERATIONS REACHED LIMIT

Increase the number of iterations to improve the convergence (max_iter=199).
You might also want to scale the data as shown in:
    https://scikit-learn.org/stable/modules/preprocessing.html
  self.iteration += _check_optimize_result("lbfgs", opt_res, max_iter=max_iter)
/home/suyash/rev/.venv/lib/python3.11/site-packages/sklearn/linear_model/_glm/_newton_solver.py:597: LinAlgWarning: The inner solver of NewtonCholeskySolver stumbled upon a singular or very ill-conditioned Hessian matrix at iteration 1. It will now resort to lbfgs instead.
Further options are to use another solver or to avoid such situation in the first place. Possible remedies are removing collinear features of X or increasing the penalization strengths.
The original Linear Algebra message was:
An ill-conditioned matrix detected: slice 0 has rcond = 4.496001904108482e-10.
  warnings.warn(
/home/suyash/rev/.venv/lib/python3.11/site-packages/sklearn/linear_model/_glm/_newton_solver.py:199: ConvergenceWarning: lbfgs failed to converge after 199 iteration(s) (status=1):
STOP: TOTAL NO. OF ITERATIONS REACHED LIMIT

Increase the number of iterations to improve the convergence (max_iter=199).
You might also want to scale the data as shown in:
    https://scikit-learn.org/stable/modules/preprocessing.html
  self.iteration += _check_optimize_result("lbfgs", opt_res, max_iter=max_iter)
/home/suyash/rev/.venv/lib/python3.11/site-packages/sklearn/linear_model/_glm/_newton_solver.py:597: LinAlgWarning: The inner solver of NewtonCholeskySolver stumbled upon a singular or very ill-conditioned Hessian matrix at iteration 1. It will now resort to lbfgs instead.
Further options are to use another solver or to avoid such situation in the first place. Possible remedies are removing collinear features of X or increasing the penalization strengths.
The original Linear Algebra message was:
An ill-conditioned matrix detected: slice 0 has rcond = 1.3788209463072576e-09.
  warnings.warn(
/home/suyash/rev/.venv/lib/python3.11/site-packages/sklearn/linear_model/_glm/_newton_solver.py:199: ConvergenceWarning: lbfgs failed to converge after 199 iteration(s) (status=1):
STOP: TOTAL NO. OF ITERATIONS REACHED LIMIT

Increase the number of iterations to improve the convergence (max_iter=199).
You might also want to scale the data as shown in:
    https://scikit-learn.org/stable/modules/preprocessing.html
  self.iteration += _check_optimize_result("lbfgs", opt_res, max_iter=max_iter)
/home/suyash/rev/.venv/lib/python3.11/site-packages/sklearn/linear_model/_glm/_newton_solver.py:597: LinAlgWarning: The inner solver of NewtonCholeskySolver stumbled upon a singular or very ill-conditioned Hessian matrix at iteration 1. It will now resort to lbfgs instead.
Further options are to use another solver or to avoid such situation in the first place. Possible remedies are removing collinear features of X or increasing the penalization strengths.
The original Linear Algebra message was:
An ill-conditioned matrix detected: slice 0 has rcond = 5.200398445204257e-10.
  warnings.warn(
/home/suyash/rev/.venv/lib/python3.11/site-packages/sklearn/linear_model/_glm/_newton_solver.py:199: ConvergenceWarning: lbfgs failed to converge after 199 iteration(s) (status=1):
STOP: TOTAL NO. OF ITERATIONS REACHED LIMIT

Increase the number of iterations to improve the convergence (max_iter=199).
You might also want to scale the data as shown in:
    https://scikit-learn.org/stable/modules/preprocessing.html
  self.iteration += _check_optimize_result("lbfgs", opt_res, max_iter=max_iter)
/home/suyash/rev/.venv/lib/python3.11/site-packages/sklearn/linear_model/_glm/_newton_solver.py:597: LinAlgWarning: The inner solver of NewtonCholeskySolver stumbled upon a singular or very ill-conditioned Hessian matrix at iteration 1. It will now resort to lbfgs instead.
Further options are to use another solver or to avoid such situation in the first place. Possible remedies are removing collinear features of X or increasing the penalization strengths.
The original Linear Algebra message was:
An ill-conditioned matrix detected: slice 0 has rcond = 6.629311544159577e-10.
  warnings.warn(
/home/suyash/rev/.venv/lib/python3.11/site-packages/sklearn/linear_model/_glm/_newton_solver.py:199: ConvergenceWarning: lbfgs failed to converge after 199 iteration(s) (status=1):
STOP: TOTAL NO. OF ITERATIONS REACHED LIMIT

Increase the number of iterations to improve the convergence (max_iter=199).
You might also want to scale the data as shown in:
    https://scikit-learn.org/stable/modules/preprocessing.html
  self.iteration += _check_optimize_result("lbfgs", opt_res, max_iter=max_iter)
/home/suyash/rev/.venv/lib/python3.11/site-packages/sklearn/linear_model/_glm/_newton_solver.py:597: LinAlgWarning: The inner solver of NewtonCholeskySolver stumbled upon a singular or very ill-conditioned Hessian matrix at iteration 1. It will now resort to lbfgs instead.
Further options are to use another solver or to avoid such situation in the first place. Possible remedies are removing collinear features of X or increasing the penalization strengths.
The original Linear Algebra message was:
An ill-conditioned matrix detected: slice 0 has rcond = 6.36394548170216e-11.
  warnings.warn(
/home/suyash/rev/.venv/lib/python3.11/site-packages/sklearn/linear_model/_glm/_newton_solver.py:199: ConvergenceWarning: lbfgs failed to converge after 199 iteration(s) (status=1):
STOP: TOTAL NO. OF ITERATIONS REACHED LIMIT

Increase the number of iterations to improve the convergence (max_iter=199).
You might also want to scale the data as shown in:
    https://scikit-learn.org/stable/modules/preprocessing.html
  self.iteration += _check_optimize_result("lbfgs", opt_res, max_iter=max_iter)
/home/suyash/rev/.venv/lib/python3.11/site-packages/sklearn/linear_model/_glm/_newton_solver.py:597: LinAlgWarning: The inner solver of NewtonCholeskySolver stumbled upon a singular or very ill-conditioned Hessian matrix at iteration 1. It will now resort to lbfgs instead.
Further options are to use another solver or to avoid such situation in the first place. Possible remedies are removing collinear features of X or increasing the penalization strengths.
The original Linear Algebra message was:
An ill-conditioned matrix detected: slice 0 has rcond = 2.193168008313151e-10.
  warnings.warn(
/home/suyash/rev/.venv/lib/python3.11/site-packages/sklearn/linear_model/_glm/_newton_solver.py:199: ConvergenceWarning: lbfgs failed to converge after 199 iteration(s) (status=1):
STOP: TOTAL NO. OF ITERATIONS REACHED LIMIT

Increase the number of iterations to improve the convergence (max_iter=199).
You might also want to scale the data as shown in:
    https://scikit-learn.org/stable/modules/preprocessing.html
  self.iteration += _check_optimize_result("lbfgs", opt_res, max_iter=max_iter)
/home/suyash/rev/.venv/lib/python3.11/site-packages/sklearn/linear_model/_glm/_newton_solver.py:597: LinAlgWarning: The inner solver of NewtonCholeskySolver stumbled upon a singular or very ill-conditioned Hessian matrix at iteration 1. It will now resort to lbfgs instead.
Further options are to use another solver or to avoid such situation in the first place. Possible remedies are removing collinear features of X or increasing the penalization strengths.
The original Linear Algebra message was:
An ill-conditioned matrix detected: slice 0 has rcond = 5.656100032780387e-10.
  warnings.warn(
/home/suyash/rev/.venv/lib/python3.11/site-packages/sklearn/linear_model/_glm/_newton_solver.py:199: ConvergenceWarning: lbfgs failed to converge after 199 iteration(s) (status=1):
STOP: TOTAL NO. OF ITERATIONS REACHED LIMIT

Increase the number of iterations to improve the convergence (max_iter=199).
You might also want to scale the data as shown in:
    https://scikit-learn.org/stable/modules/preprocessing.html
  self.iteration += _check_optimize_result("lbfgs", opt_res, max_iter=max_iter)
/home/suyash/rev/.venv/lib/python3.11/site-packages/sklearn/linear_model/_glm/_newton_solver.py:597: LinAlgWarning: The inner solver of NewtonCholeskySolver stumbled upon a singular or very ill-conditioned Hessian matrix at iteration 1. It will now resort to lbfgs instead.
Further options are to use another solver or to avoid such situation in the first place. Possible remedies are removing collinear features of X or increasing the penalization strengths.
The original Linear Algebra message was:
An ill-conditioned matrix detected: slice 0 has rcond = 9.297021485998869e-11.
  warnings.warn(
/home/suyash/rev/.venv/lib/python3.11/site-packages/sklearn/linear_model/_glm/_newton_solver.py:199: ConvergenceWarning: lbfgs failed to converge after 199 iteration(s) (status=1):
STOP: TOTAL NO. OF ITERATIONS REACHED LIMIT

Increase the number of iterations to improve the convergence (max_iter=199).
You might also want to scale the data as shown in:
    https://scikit-learn.org/stable/modules/preprocessing.html
  self.iteration += _check_optimize_result("lbfgs", opt_res, max_iter=max_iter)
/home/suyash/rev/.venv/lib/python3.11/site-packages/sklearn/linear_model/_glm/_newton_solver.py:597: LinAlgWarning: The inner solver of NewtonCholeskySolver stumbled upon a singular or very ill-conditioned Hessian matrix at iteration 1. It will now resort to lbfgs instead.
Further options are to use another solver or to avoid such situation in the first place. Possible remedies are removing collinear features of X or increasing the penalization strengths.
The original Linear Algebra message was:
An ill-conditioned matrix detected: slice 0 has rcond = 5.928360025109214e-10.
  warnings.warn(
/home/suyash/rev/.venv/lib/python3.11/site-packages/sklearn/linear_model/_glm/_newton_solver.py:199: ConvergenceWarning: lbfgs failed to converge after 199 iteration(s) (status=1):
STOP: TOTAL NO. OF ITERATIONS REACHED LIMIT

Increase the number of iterations to improve the convergence (max_iter=199).
You might also want to scale the data as shown in:
    https://scikit-learn.org/stable/modules/preprocessing.html
  self.iteration += _check_optimize_result("lbfgs", opt_res, max_iter=max_iter)
random partition done, 1379s
done 1379s
