transactions 4846510 laundering 2231
accounts 703508 laundering accounts 3449
shape: (1, 4)
┌──────┬──────┬───────┬────────┐
│ q0.5 ┆ q0.9 ┆ q0.99 ┆ q0.999 │
│ ---  ┆ ---  ┆ ---   ┆ ---    │
│ f64  ┆ f64  ┆ f64   ┆ f64    │
╞══════╪══════╪═══════╪════════╡
│ 5.0  ┆ 35.0 ┆ 80.0  ┆ 127.0  │
└──────┴──────┴───────┴────────┘
top 2000: min n_tx 106.0, laundering accounts 56
top 3000: min n_tx 98.0, laundering accounts 70
top 4000: min n_tx 92.0, laundering accounts 82
top 6000: min n_tx 84.0, laundering accounts 111
accounts 703508, directed edges 802623
non-backtracking spectral radius 18.22, t = 0.02744, cg info 0, residual 7.34e-08
shape: (9, 7)
┌────────────┬─────────────┬──────────────┬───────────────┬─────────────┬──────────────┬───────────┐
│ statistic  ┆ pagerank_in ┆ pagerank_out ┆ nbt_centralit ┆ reciprocity ┆ partner_degr ┆ degree    │
│ ---        ┆ ---         ┆ ---          ┆ y             ┆ ---         ┆ ee           ┆ ---       │
│ str        ┆ f64         ┆ f64          ┆ ---           ┆ f64         ┆ ---          ┆ f64       │
│            ┆             ┆              ┆ f64           ┆             ┆ f64          ┆           │
╞════════════╪═════════════╪══════════════╪═══════════════╪═════════════╪══════════════╪═══════════╡
│ count      ┆ 703508.0    ┆ 703508.0     ┆ 703508.0      ┆ 703508.0    ┆ 703508.0     ┆ 703508.0  │
│ null_count ┆ 0.0         ┆ 0.0          ┆ 0.0           ┆ 0.0         ┆ 0.0          ┆ 0.0       │
│ mean       ┆ 0.000001    ┆ 0.000001     ┆ 1.878875      ┆ 0.004823    ┆ 337.169638   ┆ 2.27542   │
│ std        ┆ 0.000003    ┆ 0.000019     ┆ 3.427322      ┆ 0.0656      ┆ 1707.323525  ┆ 29.055048 │
│ min        ┆ 7.6381e-7   ┆ 6.6628e-7    ┆ 1.0           ┆ 0.0         ┆ 0.0          ┆ 0.0       │
│ 25%        ┆ 7.6381e-7   ┆ 6.6628e-7    ┆ 1.027438      ┆ 0.0         ┆ 1.0          ┆ 1.0       │
│ 50%        ┆ 9.3724e-7   ┆ 7.3708e-7    ┆ 1.05745       ┆ 0.0         ┆ 3.666667     ┆ 1.0       │
│ 75%        ┆ 0.000001    ┆ 0.000001     ┆ 1.157328      ┆ 0.0         ┆ 6.333333     ┆ 3.0       │
│ max        ┆ 0.000486    ┆ 0.013105     ┆ 656.703073    ┆ 1.0         ┆ 19727.0      ┆ 19727.0   │
└────────────┴─────────────┴──────────────┴───────────────┴─────────────┴──────────────┴───────────┘
